exact_ref prompt=0 tokens=6 kv=f64 threads=64 expert_scale=1
step	pos	theirs	exact_top1	exact_margin	theirs_gap	ref_margin
0	5	8913	8913	2.3550	0.0000	2.3850
1	6	11	11	0.3946	0.0000	0.3685
2	7	588	588	0.1853	0.0000	0.1241
  top5 step 2: 588:31.1077 285:30.9223 254:30.4451 441:30.3177 548:30.2278
3	8	317	317	1.9655	0.0000	2.0130
4	9	839	839	1.4397	0.0000	1.4095
5	10	254	254	1.2318	0.0000	1.2767
6	11	8397	8397	0.1709	0.0000	0.1070
  top5 step 6: 8397:29.9176 1094:29.7466 3085:29.6965 7881:27.4469 10903:27.0493
7	12	3787	3787	6.4992	0.0000	6.7600
8	13	279	279	3.2275	0.0000	3.4622
9	14	254	254	2.5268	0.0000	2.7611
10	15	3085	3085	3.8830	0.0000	3.9564
  top5 step 10: 3085:32.9846 7881:29.1016 3000:27.4997 3912:26.3202 4928:25.8058
11	16	13	13	2.8402	0.0000	2.8842
12	17	8913	8913	0.2479	0.0000	0.2626
13	18	317	317	2.2486	0.0000	2.2913
14	19	3185	3185	1.6495	0.0000	1.6818
15	20	327	327	1.4480	0.0000	1.5110
16	21	895	895	3.1494	0.0000	3.3390
17	22	31950	31950	0.0360	0.0000	0.1820
  top5 step 17: 31950:27.4935 4171:27.4575 7353:27.3500 20012:27.2666 18064:26.5840
18	23	58321	58321	2.8926	0.0000	2.9789
19	24	11	11	1.0743	0.0000	1.0411
20	25	1108	1108	0.4274	0.0000	0.5906
21	26	372	372	8.6555	0.0000	8.6502
22	27	254	254	6.4827	0.0000	6.5387
23	28	427	427	6.5345	0.0000	6.7719
  top5 step 23: 427:38.0752 75173:31.5407 49024:28.7174 207:27.9593 31950:27.8660
24	29	96575	96575	11.1659	0.0000	11.2190
  top5 step 24: 96575:35.2946 351:24.1286 867:23.2949 66158:19.5941 1847:18.8067
25	30	25943	25943	7.8738	0.0000	7.8240
  top5 step 25: 25943:32.6387 18972:24.7649 27204:23.3392 2494:22.2213 1204:21.5944
26	31	11	11	0.8641	0.0000	0.8531
  top5 step 26: 11:36.4920 285:35.6280 13:30.0369 334:29.5487 26:28.3951
27	32	254	254	1.1858	0.0000	1.1075
  top5 step 27: 254:35.0314 49024:33.8456 75173:33.6073 285:31.5121 12809:30.3922
28	33	75173	75173	3.8350	0.0000	3.7660
29	34	12238	12238	3.2153	0.0000	3.3854
30	35	11	11	4.3132	0.0000	4.3854
  top5 step 30: 11:36.6318 285:32.3186 334:27.7073 13:27.5040 18712:26.3140
