exact_ref prompt=1 tokens=4 kv=f64 threads=64 expert_scale=1
step	pos	theirs	exact_top1	exact_margin	theirs_gap	ref_margin
0	3	207	207	2.4209	0.0000	2.4085
1	4	16	16	5.5800	0.0000	5.0911
2	5	15	15	5.5264	0.0000	5.9467
  top5 step 2: 15:27.3288 430:21.8024 13510:20.4386 3253:18.4964 35451:18.1606
3	6	15	15	10.3625	0.0000	10.4366
4	7	9944	9944	0.9097	0.0000	0.7766
5	8	77537	77537	3.1944	0.0000	3.3191
6	9	430	430	0.8867	0.0000	0.5690
  top5 step 6: 430:29.2534 334:28.3667 410:27.8731 11:27.6997 13:27.0642
7	10	5532	5532	3.0853	0.0000	3.2354
8	11	2258	2258	5.6673	0.0000	5.7631
9	12	11	11	0.2427	0.0000	0.1958
10	13	548	548	0.9087	0.0000	0.9710
  top5 step 10: 548:32.4350 285:31.5263 1329:30.8519 558:30.0657 588:29.9074
11	14	359	359	0.1787	0.0000	0.0847
12	15	481	481	1.0342	0.0000	0.9575
13	16	839	839	0.4245	0.0000	0.4277
14	17	26310	26310	1.1381	0.0000	1.0515
15	18	430	430	3.4244	0.0000	3.4628
16	19	207	207	1.0703	0.0000	0.8637
17	20	16	16	0.8068	0.0000	0.9393
  top5 step 17: 16:24.2487 24:23.4419 23:21.2289 22:20.6535 17:20.6060
18	21	15	15	3.3787	0.0000	3.8821
19	22	15	15	5.0188	0.0000	5.1356
20	23	9944	9944	4.9815	0.0000	5.1069
21	24	77537	77537	4.2806	0.0000	4.6736
22	25	430	430	0.5686	0.0000	1.0034
23	26	3872	3872	0.6265	0.0000	0.5968
  top5 step 23: 3872:31.3977 245:30.7711 1461:30.3075 207:29.9549 1266:29.6376
24	27	2917	2917	3.7211	0.0000	3.7213
  top5 step 24: 2917:32.4282 96969:28.7071 41100:26.3548 14539:25.1602 410:24.6852
25	28	13354	13354	11.0504	0.0000	11.0989
  top5 step 25: 13354:31.6151 37128:20.5648 7554:17.2834 25033:16.9588 9089:16.5994
26	29	13	13	0.7230	0.0000	0.6058
  top5 step 26: 13:35.1527 11:34.4298 3266:33.3110 1373:33.1649 285:32.6583
27	30	1002	1002	0.1904	0.0000	0.3031
  top5 step 27: 1002:27.8391 429:27.6486 685:26.6396 185:26.6314 2803:26.0680
28	31	317	317	1.6913	0.0000	1.8804
29	32	1373	1373	0.9040	0.0000	1.0234
30	33	254	254	1.5539	0.0000	1.6252
  top5 step 30: 254:35.1814 2354:33.6276 280:32.9236 372:32.8243 3207:32.5009
