exact_ref prompt=10 tokens=5 kv=f64 threads=64 expert_scale=1
step	pos	theirs	exact_top1	exact_margin	theirs_gap	ref_margin
0	4	11303	11303	1.8916	0.0000	1.8456
1	5	11	11	2.2001	0.0000	2.1262
2	6	10967	10967	2.4684	0.0000	2.4293
  top5 step 2: 10967:27.1840 8202:24.7156 285:24.6460 185:22.5277 8652:22.0279
3	7	11	11	2.4499	0.0000	2.5174
4	8	8202	8202	3.5012	0.0000	3.5521
5	9	11	11	2.6011	0.0000	2.5647
6	10	8652	8652	3.7751	0.0000	3.7301
  top5 step 6: 8652:26.3801 285:22.6050 7926:22.2687 185:21.7236 207:20.9298
7	11	11	11	2.0720	0.0000	1.9985
8	12	7926	7926	5.4058	0.0000	5.3875
9	13	185	185	2.1328	0.0000	2.0097
10	14	185	185	1.9538	0.0000	1.9101
  top5 step 10: 185:15.6411 802:13.6873 1356:13.4953 31175:12.7472 16315:12.6309
11	15	1679	1679	0.8835	0.0000	0.8254
12	16	25452	1724	0.0131	0.0131	0.1953
13	17	280	9325	0.0636	0.0636	0.2306
14	18	254	254	4.4248	0.0000	4.9961
15	19	14062	14062	1.3764	0.0000	1.1713
16	20	185	185	0.8964	0.0000	1.1155
17	21	185	185	2.4382	0.0000	2.3699
  top5 step 17: 185:14.3036 12:11.8655 549:11.8561 774:11.3696 42345:11.3279
18	22	12	12	1.3508	0.0000	1.3651
19	23	9217	9217	0.2137	0.0000	0.2912
20	24	32511	32511	0.7503	0.0000	0.5286
21	25	746	746	0.5196	0.0000	0.2806
22	26	185	185	0.8940	0.0000	0.9333
23	27	207	207	0.3532	0.0000	0.2034
  top5 step 23: 207:25.5980 12:25.2448 185:20.9922 300:20.0873 243:19.6140
24	28	570	570	5.3892	0.0000	5.3154
  top5 step 24: 570:30.2239 429:24.8347 9340:24.4269 9217:23.9937 575:23.2649
25	29	9217	9217	0.1005	0.0000	0.2162
  top5 step 25: 9217:25.1097 429:25.0092 9340:24.1310 207:23.6777 6617:23.3450
26	30	32682	32682	0.2260	0.0000	0.5148
  top5 step 26: 32682:16.4028 44:16.1768 27091:15.5039 83940:15.4824 32511:15.2785
27	31	62086	62086	1.4047	0.0000	0.8358
  top5 step 27: 62086:27.9845 9382:26.5799 14024:22.8179 26022:21.7087 1100:20.9475
28	32	59668	59668	0.8745	0.0000	0.7017
29	33	414	414	2.3073	0.0000	1.9629
30	34	2008	656	0.1345	0.1345	0.4409
  top5 step 30: 656:21.2590 2008:21.1245 2181:20.2546 444:19.1748 57974:19.0265
