exact_ref prompt=11 tokens=6 kv=f64 threads=64 expert_scale=1
step	pos	theirs	exact_top1	exact_margin	theirs_gap	ref_margin
0	5	5001	5001	0.1845	0.0000	0.2138
1	6	403	403	0.8079	0.0000	0.8100
2	7	655	655	2.3075	0.0000	2.2737
  top5 step 2: 655:23.9529 440:21.6455 363:21.3873 21464:21.3687 27192:21.2345
3	8	2817	2817	0.5714	0.0000	0.5837
4	9	31	31	3.7399	0.0000	3.8714
5	10	2817	2817	0.9423	0.0000	0.9614
6	11	13	13	2.7278	0.0000	2.9120
  top5 step 6: 13:25.7850 6217:23.0571 3631:21.3417 6:18.9624 4069:18.9154
7	12	690	690	3.3023	0.0000	3.3612
8	13	4069	4069	0.7948	0.0000	0.7700
9	14	185	185	0.3230	0.0000	0.3822
10	15	185	185	2.4506	0.0000	2.8407
  top5 step 10: 185:13.6206 7504:11.1701 100001:11.0035 374:10.7423 207:10.0085
11	16	7504	7504	0.8305	0.0000	0.8506
12	17	575	575	4.3571	0.0000	4.2938
13	18	7431	7431	6.4739	0.0000	6.3771
14	19	4741	4741	2.7809	0.0000	2.8906
15	20	11267	11267	4.2411	0.0000	4.2795
16	21	5001	5001	2.8433	0.0000	2.7614
17	22	403	403	0.2788	0.0000	0.1157
  top5 step 17: 403:26.6707 33219:26.3919 5790:23.0918 3485:22.9258 36002:22.2913
18	23	655	655	4.8538	0.0000	4.5751
19	24	2817	2817	5.3080	0.0000	5.0926
20	25	31	31	3.8620	0.0000	3.4669
21	26	2817	2817	7.1649	0.0000	7.0735
22	27	13	13	5.9777	0.0000	5.5938
23	28	690	690	8.6432	0.0000	8.4609
  top5 step 23: 690:25.6634 2817:17.0202 1651:15.3242 2167:15.1833 283:14.5582
24	29	4069	4069	0.4689	0.0000	0.3641
  top5 step 24: 4069:24.3283 6:23.8594 1185:18.0926 5597:17.4407 26:17.2895
25	30	185	185	0.3666	0.0000	0.3772
  top5 step 25: 185:18.3550 100001:17.9884 207:15.4918 1593:14.3042 1071:14.0331
26	31	185	185	4.3174	0.0000	4.6742
  top5 step 26: 185:18.1975 7504:13.8801 100001:13.3761 10897:12.8960 374:12.8951
27	32	7504	7504	2.4005	0.0000	2.3250
  top5 step 27: 7504:13.5970 374:11.1965 185:10.8770 4356:10.2795 2:10.2582
28	33	575	575	4.7175	0.0000	4.5171
29	34	7431	7431	6.8001	0.0000	6.4420
30	35	4741	4741	3.4603	0.0000	3.6833
  top5 step 30: 4741:27.2640 9162:23.8037 3898:22.5330 10105:22.1883 9159:21.9643
