exact_ref prompt=12 tokens=7 kv=f16 threads=64 expert_scale=1
step	pos	theirs	exact_top1	exact_margin	theirs_gap	ref_margin
0	6	37236	37236	3.8300	0.0000	3.9730
1	7	11	11	0.8766	0.0000	0.8880
2	8	588	588	1.2598	0.0000	1.1968
3	9	3450	3450	0.5889	0.0000	0.6012
4	10	473	473	8.9567	0.0000	8.7796
5	11	254	254	5.5287	0.0000	5.2164
6	12	13406	13406	6.5377	0.0000	6.7278
7	13	1734	1734	6.2375	0.0000	5.5471
8	14	327	327	0.9671	0.0000	0.5767
9	15	5299	5299	4.5654	0.0000	4.9245
10	16	11	11	4.3035	0.0000	3.9565
  top5 step 10: 11:29.8774 207:25.5739 54150:25.5086 570:25.1445 13:24.5798
11	17	54150	54150	1.5602	0.0000	1.4112
12	18	377	377	5.7537	0.0000	5.1728
13	19	13	13	3.1603	0.0000	3.2058
14	20	8264	8264	0.6681	0.0000	0.6149
15	21	317	317	1.0015	0.0000	1.0192
16	22	245	245	1.9661	0.0000	2.1280
17	23	11471	11471	0.0901	0.0000	0.0108
  top5 step 17: 11471:24.4690 17353:24.3789 7910:24.1889 6751:24.0688 10291:23.5100
18	24	3699	3699	5.0397	0.0000	5.1749
19	25	366	366	4.3456	0.0000	3.9324
20	26	23772	23772	1.7856	0.0000	1.9111
21	27	1604	1604	7.3820	0.0000	7.6081
22	28	207	207	7.3307	0.0000	7.2723
23	29	22	22	1.1793	0.0000	2.2501
  top5 step 23: 22:19.3977 16:18.2184 207:17.7361 17:16.7801 21:16.3572
24	30	24	24	10.1274	0.0000	10.2931
25	31	11	11	2.2761	0.0000	1.9361
26	32	4569	588	0.2083	0.2083	0.0538
27	33	745	745	5.5113	0.0000	5.4276
  top5 step 27: 745:37.4344 359:31.9231 344:30.9622 1131:27.9322 274:27.1889
