exact_ref prompt=12 tokens=7 kv=f64 threads=64 expert_scale=1
step	pos	theirs	exact_top1	exact_margin	theirs_gap	ref_margin
0	6	37236	37236	3.8288	0.0000	3.9730
1	7	11	11	0.8761	0.0000	0.8880
2	8	588	588	1.2593	0.0000	1.1968
  top5 step 2: 588:30.6686 473:29.4093 10341:28.9174 285:28.8003 274:28.2113
3	9	3450	3450	0.5891	0.0000	0.6012
4	10	473	473	8.9561	0.0000	8.7796
5	11	254	254	5.5275	0.0000	5.2164
6	12	13406	13406	6.5340	0.0000	6.7278
  top5 step 6: 13406:34.9885 65928:28.4545 53683:26.6886 9659:25.7068 9320:24.4840
7	13	1734	1734	6.2360	0.0000	5.5471
8	14	327	327	0.9744	0.0000	0.5767
9	15	5299	5299	4.5581	0.0000	4.9245
10	16	11	11	4.3027	0.0000	3.9565
  top5 step 10: 11:29.8780 207:25.5752 54150:25.5116 570:25.1452 13:24.5782
11	17	54150	54150	1.5579	0.0000	1.4112
12	18	377	377	5.7532	0.0000	5.1728
13	19	13	13	3.1586	0.0000	3.2058
14	20	8264	8264	0.6676	0.0000	0.6149
15	21	317	317	1.0017	0.0000	1.0192
16	22	245	245	1.9682	0.0000	2.1280
17	23	11471	11471	0.0913	0.0000	0.0108
  top5 step 17: 11471:24.4708 17353:24.3795 7910:24.1895 6751:24.0688 10291:23.5107
18	24	3699	3699	5.0406	0.0000	5.1749
19	25	366	366	4.3459	0.0000	3.9324
20	26	23772	23772	1.7897	0.0000	1.9111
21	27	1604	1604	7.3868	0.0000	7.6081
22	28	207	207	7.3320	0.0000	7.2723
23	29	22	22	1.1819	0.0000	2.2501
  top5 step 23: 22:19.3995 16:18.2176 207:17.7373 17:16.7820 21:16.3559
24	30	24	24	10.1283	0.0000	10.2931
  top5 step 24: 24:28.5416 23:18.4133 11:17.7069 21:17.0347 285:16.8576
25	31	11	11	2.2764	0.0000	1.9361
  top5 step 25: 11:28.7614 13:26.4850 285:25.5280 26:23.4579 588:23.3904
26	32	4569	588	0.2065	0.2065	0.0538
  top5 step 26: 588:26.1945 4569:25.9880 285:24.9520 359:23.2000 274:22.6664
27	33	745	745	5.5257	0.0000	5.4276
  top5 step 27: 745:37.4377 359:31.9121 344:30.9518 1131:27.9199 274:27.1781
28	34	418	418	8.6494	0.0000	8.7005
29	35	207	207	6.5708	0.0000	6.6823
30	36	22	22	5.5027	0.0000	5.7043
  top5 step 30: 22:30.4725 19:24.9698 20:21.4190 16:21.2098 18:21.0109
