exact_ref prompt=13 tokens=6 kv=f64 threads=64 expert_scale=1
step	pos	theirs	exact_top1	exact_margin	theirs_gap	ref_margin
0	5	20210	20210	0.7692	0.0000	0.8294
1	6	881	881	0.3904	0.0000	0.3362
2	7	254	254	2.3618	0.0000	2.3734
  top5 step 2: 254:33.4893 711:31.1275 245:30.3420 16342:28.9712 586:28.8901
3	8	2563	2563	0.5143	0.0000	0.4604
4	9	11	11	0.0495	0.0000	0.0660
5	10	711	711	0.6278	0.0000	0.5732
6	11	3545	3545	0.8269	0.0000	0.7290
  top5 step 6: 3545:27.7048 2997:26.8779 28423:26.3554 24529:25.2667 13085:24.9793
7	12	6163	6163	0.3161	0.0000	0.2748
8	13	10237	10237	1.5428	0.0000	1.5316
9	14	276	276	4.3045	0.0000	4.2738
10	15	254	254	2.4122	0.0000	2.3831
  top5 step 10: 254:33.8823 245:31.4700 857:30.2274 711:30.1720 274:29.2708
11	16	2317	2317	0.9272	0.0000	0.8807
12	17	4071	4071	0.7334	0.0000	0.6302
13	18	344	344	0.5923	0.0000	0.6016
14	19	36994	36994	0.0004	0.0000	0.1244
15	20	254	254	3.2497	0.0000	3.2887
16	21	3787	3787	1.4253	0.0000	1.5644
17	22	10404	10404	0.0845	0.0000	0.1558
  top5 step 17: 10404:31.7099 13:31.6254 2877:30.9251 11:28.9794 91788:28.4079
18	23	13	13	0.3788	0.0000	0.3318
19	24	429	429	1.1141	0.0000	1.1445
20	25	4281	4281	1.7043	0.0000	1.6855
21	26	438	438	1.2963	0.0000	1.3972
22	27	5007	5007	1.5378	0.0000	1.4850
23	28	11	11	3.6986	0.0000	3.7159
  top5 step 23: 11:39.5819 285:35.8833 4435:35.6052 855:34.9108 4881:34.7497
24	29	30026	30026	2.2210	0.0000	2.1575
  top5 step 24: 30026:37.7206 14445:35.4995 53121:33.4635 285:33.1195 895:32.3570
25	30	245	245	2.2624	0.0000	2.3179
  top5 step 25: 245:38.5536 274:36.2911 895:34.7495 254:34.6109 1234:34.3036
26	31	6284	6284	0.9669	0.0000	0.9733
  top5 step 26: 6284:34.5335 14544:33.5665 43166:30.7713 2838:30.3341 14586:30.2070
27	32	14544	14544	0.5161	0.0000	0.7227
  top5 step 27: 14544:33.9180 23191:33.4018 11:33.0574 16639:31.3111 64145:28.9395
28	33	23191	23191	2.2891	0.0000	2.3195
29	34	855	855	1.0359	0.0000	1.1918
30	35	254	254	3.7520	0.0000	3.8124
  top5 step 30: 254:38.7052 3694:34.9532 12404:32.6999 711:31.3777 1131:31.1979
