exact_ref prompt=14 tokens=5 kv=f64 threads=64 expert_scale=1
step	pos	theirs	exact_top1	exact_margin	theirs_gap	ref_margin
0	4	245	245	0.0542	0.0000	0.0017
1	5	8420	8420	1.0189	0.0000	0.7582
2	6	93154	93154	9.5749	0.0000	9.3237
  top5 step 2: 93154:30.6404 302:21.0656 78:17.6802 1204:14.8324 406:14.1693
3	7	2355	2355	11.0734	0.0000	11.1906
4	8	280	280	1.4515	0.0000	1.7390
5	9	3973	3973	0.3045	0.0000	0.3701
6	10	207	207	5.2156	0.0000	5.2304
  top5 step 6: 207:29.2286 363:24.0130 6524:23.5736 2685:23.4026 7960:23.3429
7	11	20	16	0.0615	0.0615	0.1316
8	12	285	285	0.6935	0.0000	0.5907
9	13	634	634	0.8788	0.0000	0.7997
10	14	280	280	0.1683	0.0000	0.0678
  top5 step 10: 280:26.9443 2758:26.7760 29494:25.8504 2387:25.3349 10216:24.3231
11	15	895	895	3.1478	0.0000	3.2327
12	16	12882	12882	1.7031	0.0000	1.8369
13	17	317	317	0.4448	0.0000	0.1254
14	18	207	207	0.7001	0.0000	0.8040
15	19	18	17	0.0485	0.0485	0.0444
16	20	13	13	3.2252	0.0000	2.8457
17	21	11424	11424	0.4317	0.0000	0.3800
  top5 step 17: 11424:27.7399 2461:27.3082 429:24.7675 11692:24.3928 1724:24.2234
18	22	254	254	4.1086	0.0000	4.1818
19	23	3973	3973	1.2331	0.0000	1.6292
20	24	280	280	7.7488	0.0000	7.6405
21	25	254	254	4.9863	0.0000	5.1585
22	26	750	750	3.0612	0.0000	3.0393
23	27	2758	2758	7.1344	0.0000	6.8422
  top5 step 23: 2758:31.8661 2387:24.7318 9255:24.5090 2170:24.2055 12882:24.1988
24	28	13	13	3.4800	0.0000	3.5740
  top5 step 24: 13:30.1027 285:26.6227 11:26.6138 457:26.3514 280:26.2354
25	29	185	185	2.8515	0.0000	2.7686
  top5 step 25: 185:25.7645 429:22.9130 35829:22.7293 334:22.4659 23243:22.2676
26	30	185	185	2.4468	0.0000	2.2568
  top5 step 26: 185:21.9578 549:19.5110 4160:19.1413 1380:18.5603 6017:17.7647
27	31	4160	4160	0.6588	0.0000	0.6456
  top5 step 27: 4160:22.4548 549:21.7960 1380:21.5852 1898:20.7448 6306:20.6675
28	32	363	363	0.8072	0.0000	0.7866
29	33	87	87	2.1441	0.0000	2.0151
30	34	3	3	6.3741	0.0000	6.5052
  top5 step 30: 3:27.7220 403:21.3479 1928:20.0435 62:19.8394 28:19.5214
