exact_ref prompt=15 tokens=9 kv=f64 threads=64 expert_scale=1
step	pos	theirs	exact_top1	exact_margin	theirs_gap	ref_margin
0	8	8211	8211	2.2617	0.0000	1.8362
1	9	8196	8196	7.6664	0.0000	7.6112
2	10	13	13	0.2786	0.0000	0.3409
  top5 step 2: 13:29.4237 11:29.1451 334:26.8136 285:26.7428 779:25.8538
3	11	1063	1063	1.7251	0.0000	1.8406
4	12	438	438	0.5104	0.0000	0.5337
5	13	7722	7722	0.8091	0.0000	0.8213
6	14	331	331	1.9254	0.0000	1.9259
  top5 step 6: 331:35.9169 279:33.9915 6904:29.7338 8520:29.5409 3638:28.9985
7	15	8520	8520	2.6834	0.0000	2.6641
8	16	207	207	9.2489	0.0000	9.2555
9	17	16	16	0.5966	0.0000	0.6065
10	18	16	16	8.2355	0.0000	8.1051
  top5 step 10: 16:27.5645 11:19.3290 22:18.8641 21:18.3344 24:18.2663
11	19	11	11	3.4763	0.0000	3.5709
12	20	207	207	5.8259	0.0000	5.9487
13	21	16	16	11.0637	0.0000	11.0701
14	22	22	22	9.2219	0.0000	9.3357
15	23	18	18	10.7298	0.0000	10.6821
16	24	17	17	9.4885	0.0000	9.4088
17	25	11	11	2.7465	0.0000	2.6422
  top5 step 17: 11:35.2186 13:32.4721 279:32.4462 334:32.4344 285:32.1212
18	26	279	279	1.4213	0.0000	1.4241
19	27	5653	5653	3.7286	0.0000	4.1093
20	28	4291	4291	4.2312	0.0000	4.4015
21	29	1569	1569	14.2325	0.0000	14.0092
22	30	6936	6936	7.7714	0.0000	8.1214
23	31	11	11	8.3333	0.0000	8.1030
  top5 step 23: 11:34.1253 279:25.7920 18712:25.4405 13:24.4896 13838:24.0869
24	32	13838	13838	6.8449	0.0000	6.8422
  top5 step 24: 13838:36.3643 63780:29.5194 279:28.7047 68515:27.7117 24379:27.6171
25	33	13	13	0.9814	0.0000	0.9628
  top5 step 25: 13:33.5395 11:32.5581 334:30.7193 285:29.8326 26:27.7638
26	34	1063	1063	0.4463	0.0000	0.4024
  top5 step 26: 1063:28.0842 8196:27.6379 185:26.7460 3848:26.6197 8211:26.5800
27	35	438	438	0.7121	0.0000	0.6269
  top5 step 27: 438:29.9494 5426:29.2373 8719:29.1552 7648:28.6371 317:27.9908
28	36	245	245	0.7491	0.0000	0.7038
29	37	668	668	0.8476	0.0000	0.8758
30	38	280	280	1.8453	0.0000	1.7934
  top5 step 30: 280:32.4339 779:30.5886 366:29.2940 344:28.2417 3264:27.3900
