exact_ref prompt=16 tokens=11 kv=f64 threads=64 expert_scale=1
step	pos	theirs	exact_top1	exact_margin	theirs_gap	ref_margin
0	10	2512	2512	5.6406	0.0000	5.5845
1	11	25	25	0.3676	0.0000	0.5631
2	12	12562	12562	0.4929	0.0000	0.9030
  top5 step 2: 12562:24.8803 3203:24.3874 185:22.2330 331:21.1985 63063:21.1361
3	13	207	207	2.5955	0.0000	2.3470
4	14	2901	2901	1.2793	0.0000	0.8404
5	15	487	487	11.0487	0.0000	10.7670
6	16	23697	23697	2.0179	0.0000	1.2950
  top5 step 6: 23697:36.6985 487:34.6805 31903:29.8357 207:29.4757 83:28.8118
7	17	88982	88982	7.3207	0.0000	7.2067
8	18	279	279	4.9063	0.0000	4.2532
9	19	254	254	9.3824	0.0000	8.7479
10	20	2764	2764	4.1495	0.0000	3.9217
  top5 step 10: 2764:27.5792 15769:23.4298 12960:21.4508 9290:20.9634 185:20.5198
11	21	276	276	9.6335	0.0000	9.4962
12	22	13067	13067	10.2770	0.0000	10.1281
13	23	429	429	0.7374	0.0000	0.5920
14	24	1906	1906	7.5041	0.0000	7.5405
15	25	791	791	20.4068	0.0000	20.1818
16	26	285	285	11.8043	0.0000	12.1787
17	27	25698	25698	10.0983	0.0000	9.6839
  top5 step 17: 25698:33.9435 254:23.8453 18660:23.7130 89649:22.9203 67577:22.1118
18	28	280	280	11.4946	0.0000	11.6153
19	29	66092	66092	13.1909	0.0000	12.7332
20	30	16531	16531	5.3428	0.0000	5.0919
21	31	11	11	4.2969	0.0000	4.3851
22	32	2489	2489	6.8005	0.0000	6.7624
23	33	276	276	9.7161	0.0000	10.1424
  top5 step 23: 276:34.4454 1529:24.7293 6053:24.5895 11:24.4142 244:22.5767
24	34	1529	1529	11.2639	0.0000	11.7338
  top5 step 24: 1529:38.9292 32326:27.6653 2494:25.1806 12866:24.9359 13:23.1957
25	35	7921	7921	1.2550	0.0000	1.5840
  top5 step 25: 7921:36.4767 51680:35.2217 581:26.3355 207:24.2248 5868:22.8518
26	36	2481	2481	9.9045	0.0000	8.9485
  top5 step 26: 2481:34.0170 825:24.1125 11:22.6303 457:22.4388 207:22.1796
27	37	245	245	11.8582	0.0000	10.9105
  top5 step 27: 245:37.5787 254:25.7205 207:24.8709 2494:23.7895 825:23.0306
28	38	5532	5532	12.4040	0.0000	12.1903
29	39	280	280	10.5648	0.0000	10.4671
30	40	16725	16725	10.4341	0.0000	10.5919
  top5 step 30: 16725:40.6902 11492:30.2560 68700:28.5462 8168:28.3809 323:24.9932
