exact_ref prompt=17 tokens=4 kv=f64 threads=64 expert_scale=1
step	pos	theirs	exact_top1	exact_margin	theirs_gap	ref_margin
0	3	21715	21715	7.5676	0.0000	7.4026
1	4	185	185	0.1928	0.0000	0.1502
2	5	185	185	0.2175	0.0000	0.4882
  top5 step 2: 185:16.2608 3163:16.0434 1901:14.7897 21870:13.0867 88:12.2757
3	6	1558	1558	0.1106	0.0000	0.1406
4	7	752	752	0.2193	0.0000	0.2363
5	8	62	62	6.6202	0.0000	6.5978
6	9	2459	2459	0.4081	0.0000	0.4634
  top5 step 6: 2459:18.4446 16032:18.0366 34189:17.5534 18472:17.3854 3978:17.1652
7	10	7	7	0.9184	0.0000	0.8427
8	11	2810	2810	0.2185	0.0000	0.2674
9	12	62	62	0.6014	0.0000	0.6903
10	13	1531	1531	0.2052	0.0000	0.4185
  top5 step 10: 1531:25.3256 3274:25.1204 305:20.7643 3494:20.5709 3528:20.5192
11	14	1780	1780	0.4268	0.0000	0.4176
12	15	185	185	5.5831	0.0000	5.5549
13	16	300	300	4.0923	0.0000	4.0861
14	17	1191	1191	0.6432	0.0000	0.6335
15	18	403	403	2.0617	0.0000	1.8938
16	19	21715	21715	0.3755	0.0000	0.4340
17	20	13	13	12.9152	0.0000	13.5107
  top5 step 17: 13:28.5432 1021:15.6280 62:14.9314 185:14.8350 1116:13.9519
18	21	1776	1776	2.1922	0.0000	2.1910
19	22	9307	9307	2.7507	0.0000	2.5542
20	23	7	7	5.9319	0.0000	5.8741
21	24	2810	2810	6.2100	0.0000	6.3582
22	25	62	62	7.2857	0.0000	8.2549
23	26	1531	1531	10.8790	0.0000	11.0917
  top5 step 23: 1531:29.4769 3274:18.5978 77:18.4145 5686:17.7534 2687:16.7468
24	27	8	8	1.0845	0.0000	1.2756
  top5 step 24: 8:28.1775 11:27.0930 633:22.7265 919:20.6183 2051:20.4402
25	28	185	185	4.7383	0.0000	4.6470
  top5 step 25: 185:28.6914 1501:23.9531 207:23.8309 243:22.4093 100001:22.2152
26	29	300	300	3.1093	0.0000	3.1575
  top5 step 26: 300:27.3258 185:24.2165 251:23.7178 299:19.8417 243:19.0470
27	30	972	972	3.2553	0.0000	3.2568
  top5 step 27: 972:31.6812 1191:28.4259 1501:28.3805 3640:27.6270 1376:26.7566
28	31	1191	1191	3.3465	0.0000	3.2473
29	32	185	185	0.1937	0.0000	0.2833
30	33	185	185	1.5908	0.0000	1.6073
  top5 step 30: 185:23.7957 100001:22.2049 251:20.1869 300:19.4439 2:18.1322
