exact_ref prompt=18 tokens=6 kv=f64 threads=64 expert_scale=1
step	pos	theirs	exact_top1	exact_margin	theirs_gap	ref_margin
0	5	8397	8397	1.6223	0.0000	1.7304
1	6	15389	15389	0.8979	0.0000	0.9954
2	7	331	331	2.1330	0.0000	2.2209
  top5 step 2: 331:31.5614 278:29.4284 279:27.5814 280:27.1917 285:26.4199
3	8	11687	11687	1.5383	0.0000	1.4078
4	9	11	11	0.9320	0.0000	0.9602
5	10	14486	14486	1.7557	0.0000	1.7225
6	11	10750	10750	0.1296	0.0000	0.5255
  top5 step 6: 10750:30.1505 274:30.0210 786:29.8459 15964:28.9908 6128:28.8398
7	12	207	207	2.9021	0.0000	2.6921
8	13	20	20	3.8469	0.0000	2.8148
9	14	15	15	11.7545	0.0000	11.7079
10	15	11	11	3.4332	0.0000	2.8811
  top5 step 10: 11:28.6168 207:25.1837 4875:24.6741 525:22.9295 13:22.4621
11	16	15	15	1.8531	0.0000	1.7806
12	17	15	15	6.1347	0.0000	5.8674
13	18	15	15	10.5344	0.0000	10.3312
14	19	11	11	7.2365	0.0000	7.6201
15	20	15	15	8.5028	0.0000	8.3058
16	21	15	15	11.5617	0.0000	11.8893
17	22	15	15	6.5865	0.0000	6.7263
  top5 step 17: 15:29.0326 7742:22.4461 18537:20.5197 9005:18.2596 6593:18.1805
18	23	7742	7742	4.7590	0.0000	4.7251
19	24	6593	6593	1.9167	0.0000	2.0111
20	25	13	13	0.7924	0.0000	0.7963
21	26	809	809	1.1815	0.0000	1.2087
22	27	317	317	0.8889	0.0000	0.8244
23	28	254	254	0.0853	0.0000	0.1038
  top5 step 23: 254:29.9271 78676:29.8419 12274:29.6866 1719:29.5382 13429:29.3015
24	29	4443	4443	2.3908	0.0000	2.1141
  top5 step 24: 4443:29.7177 1843:27.3269 6080:27.0730 12438:27.0404 39614:26.8799
25	30	8397	8397	1.3004	0.0000	0.6166
  top5 step 25: 8397:31.7521 12:30.4516 22378:27.2820 19621:27.2436 27719:26.5730
26	31	280	280	0.9462	0.0000	0.2969
  top5 step 26: 280:30.8424 15389:29.8962 1166:28.4776 279:28.4015 14103:28.0740
27	32	254	254	2.1286	0.0000	2.4567
  top5 step 27: 254:37.3221 11687:35.1935 521:29.8263 688:28.8628 6039:28.1609
28	33	1843	1843	3.9680	0.0000	3.8532
29	34	6	6	0.4743	0.0000	0.3958
30	35	82	82	9.7187	0.0000	9.4734
  top5 step 30: 82:28.9258 252:19.2070 7644:16.5664 3223:16.4194 6:15.8475
