exact_ref prompt=19 tokens=9 kv=f64 threads=64 expert_scale=1
step	pos	theirs	exact_top1	exact_margin	theirs_gap	ref_margin
0	8	5501	5501	5.9289	0.0000	5.7657
1	9	11	11	1.8556	0.0000	1.9919
2	10	395	395	0.5614	0.0000	0.3960
  top5 step 2: 395:28.7749 304:28.2135 359:27.5273 32465:27.4793 565:27.2108
3	11	487	487	0.3073	0.0000	0.2440
4	12	313	313	0.2112	0.0000	0.3956
5	13	2149	2149	2.9488	0.0000	2.9705
6	14	245	245	0.3544	0.0000	0.5104
  top5 step 6: 245:30.3951 742:30.0407 254:29.2855 207:28.5175 274:28.4983
7	15	761	761	0.4047	0.0000	0.4943
8	16	3979	3979	0.2557	0.0000	0.0916
9	17	11	11	0.4298	0.0000	0.2990
10	18	285	285	2.1238	0.0000	2.2226
  top5 step 10: 285:33.1393 558:31.0154 1632:29.7765 953:29.6467 340:29.1322
11	19	395	395	0.6036	0.0000	0.4613
12	20	481	481	0.2140	0.0000	0.2236
13	21	487	487	2.7288	0.0000	2.6325
14	22	83	83	13.0497	0.0000	11.9599
15	23	3825	3825	2.9430	0.0000	3.2359
16	24	276	276	0.9811	0.0000	0.8499
17	25	1296	1296	0.9029	0.0000	1.2317
  top5 step 17: 1296:30.0354 2410:29.1325 27545:27.3245 1019:26.4796 34968:26.4095
18	26	340	340	0.7690	0.0000	1.0820
19	27	0	0	0.6222	0.0000	0.7544
20	28	185	185	2.3365	0.0000	2.3688
21	29	1380	1380	0.8908	0.0000	0.9304
22	30	487	487	1.4549	0.0000	1.4831
23	31	313	313	0.0972	0.0000	0.1840
  top5 step 23: 313:27.8841 248:27.7869 67:22.7764 647:22.6521 68:16.4937
24	32	803	803	1.1290	0.0000	1.0615
  top5 step 24: 803:31.9176 3746:30.7886 2149:30.2836 1401:30.1503 953:29.7736
25	33	2074	2074	0.1474	0.0000	0.1402
  top5 step 25: 2074:30.5639 2695:30.4165 10145:30.3358 12734:27.7284 14310:27.0299
26	34	430	430	8.3819	0.0000	8.4610
  top5 step 26: 430:37.9685 12:29.5866 245:29.3880 2695:29.2407 21983:28.1925
27	35	830	830	7.4613	0.0000	7.4175
  top5 step 27: 830:35.8407 2695:28.3794 254:26.8926 1538:25.7616 2722:25.6704
28	36	855	11	0.0215	0.0215	0.1008
29	37	254	254	1.5465	0.0000	1.4546
30	38	2882	2882	0.5778	0.0000	0.5936
  top5 step 30: 2882:36.6387 1562:36.0609 8678:32.0502 11263:30.1181 20732:30.0992
