exact_ref prompt=2 tokens=6 kv=f64 threads=64 expert_scale=1
step	pos	theirs	exact_top1	exact_margin	theirs_gap	ref_margin
0	5	207	207	3.8034	0.0000	4.0842
1	6	19	19	1.2488	0.0000	0.9587
2	7	185	185	1.0696	0.0000	1.1089
  top5 step 2: 185:9.1593 13:8.0897 11:7.6304 26:7.4566 334:7.3459
3	8	185	185	0.1625	0.0000	0.3406
4	9	1679	1679	1.2182	0.0000	1.1735
5	10	207	207	1.6619	0.0000	1.3688
6	11	17	17	1.0850	0.0000	1.0673
  top5 step 6: 17:11.6907 18:10.6057 16:10.5178 19:10.3598 3448:9.6944
7	12	13	13	0.7109	0.0000	0.6072
8	13	207	207	1.2101	0.0000	1.1342
9	14	17	17	0.2884	0.0000	0.1998
10	15	919	13	0.0294	0.0294	0.1231
  top5 step 10: 13:9.4094 919:9.3800 15:8.6671 87:8.6151 10:8.5375
11	16	207	207	4.8781	0.0000	4.8406
12	17	17	17	0.2004	0.0000	0.3572
13	18	403	403	2.0176	0.0000	1.9416
14	19	207	207	3.4343	0.0000	3.5653
15	20	19	19	1.8689	0.0000	2.2967
16	21	185	185	2.0880	0.0000	2.3467
17	22	185	185	1.1398	0.0000	1.3616
  top5 step 17: 185:9.8499 17:8.7101 549:7.2337 12:6.8779 1567:6.6480
18	23	1679	1679	1.0984	0.0000	1.1804
19	24	207	207	3.7169	0.0000	4.1551
20	25	17	17	0.9349	0.0000	0.7285
21	26	13	13	0.5149	0.0000	1.3646
22	27	207	207	2.2908	0.0000	2.9046
23	28	17	17	5.2700	0.0000	5.6748
  top5 step 23: 17:15.4220 18:10.1521 16:9.9009 19:8.7389 9156:8.5793
24	29	919	919	6.0050	0.0000	6.0269
  top5 step 24: 919:15.3435 403:9.3384 10:8.8569 207:8.7051 13:8.0184
25	30	207	207	7.6017	0.0000	7.4241
  top5 step 25: 207:19.5314 1376:11.9297 17:11.5570 919:11.2596 334:11.1526
26	31	17	17	5.6134	0.0000	6.5452
  top5 step 26: 17:20.1386 19:14.5252 18:13.3208 16:12.7136 20:10.4506
27	32	403	403	4.7415	0.0000	4.9059
  top5 step 27: 403:16.9957 207:12.2542 919:10.4860 3485:10.4041 185:10.2784
28	33	207	207	7.6024	0.0000	8.7237
29	34	19	19	6.6506	0.0000	6.8800
30	35	185	185	3.5263	0.0000	3.3345
  top5 step 30: 185:13.8722 100001:10.3459 207:8.4972 334:7.6709 570:7.0485
