exact_ref prompt=20 tokens=10 kv=f64 threads=64 expert_scale=1
step	pos	theirs	exact_top1	exact_margin	theirs_gap	ref_margin
0	9	5185	5185	6.4342	0.0000	6.3289
1	10	11	11	1.1405	0.0000	1.1205
2	11	8872	8872	0.8442	0.0000	0.8492
  top5 step 2: 8872:29.7288 285:28.8846 7057:28.8439 17209:28.6760 15399:28.6542
3	12	327	327	6.9289	0.0000	6.9044
4	13	3164	3164	0.1423	0.0000	0.0656
5	14	5909	5909	3.0688	0.0000	3.0691
6	15	11	11	0.3751	0.0000	0.4589
  top5 step 6: 11:33.6065 285:33.2314 279:31.8490 13:31.7922 1184:31.7508
7	16	30503	30503	1.2020	0.0000	0.9519
8	17	97891	97891	1.7433	0.0000	2.1476
9	18	11	11	1.1733	0.0000	1.2385
10	19	285	285	3.6886	0.0000	3.6516
  top5 step 10: 285:33.0763 47024:29.3877 15032:29.3803 372:28.9576 5185:28.7876
11	20	750	750	0.1794	0.0000	0.4001
12	21	14454	14454	0.5637	0.0000	0.5625
13	22	4908	4908	0.3831	0.0000	0.4153
14	23	13	13	2.8228	0.0000	2.9103
15	24	809	809	0.7162	0.0000	0.6942
16	25	317	317	1.5942	0.0000	1.5100
17	26	245	245	1.5397	0.0000	1.2708
  top5 step 17: 245:33.1437 839:31.6039 274:30.9973 15323:30.9128 24277:30.4296
18	27	4974	4974	2.7500	0.0000	2.9589
19	28	12	12	2.8995	0.0000	2.8980
20	29	7247	7247	2.0942	0.0000	1.8675
21	30	47032	47032	3.9420	0.0000	4.1149
22	31	2604	2604	1.8654	0.0000	1.6281
23	32	12138	12138	13.5169	0.0000	13.1277
  top5 step 23: 12138:41.4444 11664:27.9275 4962:24.7061 1204:24.1748 2494:22.6064
24	33	344	344	0.1252	0.0000	0.2172
  top5 step 24: 344:33.3850 11:33.2598 366:32.9917 1503:31.3557 1828:31.1662
25	34	10420	10420	0.0818	0.0000	0.0988
  top5 step 25: 10420:33.9314 5410:33.8495 10663:33.4626 317:32.5020 643:31.7237
26	35	245	245	0.9780	0.0000	0.7437
  top5 step 26: 245:34.0657 254:33.0878 9618:32.7156 2971:31.6570 895:31.5297
27	36	10981	10981	0.7904	0.0000	0.6952
  top5 step 27: 10981:30.3429 4301:29.5525 4730:28.9789 24414:28.7179 4077:28.6315
28	37	7125	7125	0.5203	0.0000	0.4774
29	38	280	280	7.2944	0.0000	7.2205
30	39	29510	29510	3.9144	0.0000	4.0812
  top5 step 30: 29510:31.6412 15032:27.7268 27788:26.8836 49375:26.8609 7355:26.0213
