exact_ref prompt=21 tokens=5 kv=f64 threads=64 expert_scale=1
step	pos	theirs	exact_top1	exact_margin	theirs_gap	ref_margin
0	4	440	440	1.0637	0.0000	0.9138
1	5	18578	18578	0.0986	0.0000	0.1981
2	6	6673	6673	2.7695	0.0000	2.2966
  top5 step 2: 6673:25.3264 13443:22.5569 11353:21.6412 2309:20.9012 2627:20.7740
3	7	1	1	3.7250	0.0000	3.4042
4	8	185	185	3.1636	0.0000	3.2395
5	9	185	185	2.4225	0.0000	2.4014
6	10	2	2	1.2553	0.0000	1.3140
  top5 step 6: 2:14.3346 12207:13.0793 28181:12.7035 10945:12.0753 185:11.4704
7	11	4294	4294	0.3079	0.0000	0.1197
8	12	79251	79251	0.1989	0.0000	0.4514
9	13	285	285	3.1972	0.0000	3.5153
10	14	49911	49911	1.7655	0.0000	1.8703
  top5 step 10: 49911:28.9246 11706:27.1592 750:24.3790 2262:23.8916 87182:23.7934
11	15	185	185	1.8352	0.0000	2.1733
12	16	2	2	0.3251	0.0000	0.3945
13	17	18587	429	0.1918	0.3998	0.0040
14	18	962	962	6.0319	0.0000	6.2574
15	19	79251	79251	1.8059	0.0000	1.7230
16	20	13	13	11.7396	0.0000	12.4002
17	21	4562	4562	6.1314	0.0000	6.0237
  top5 step 17: 4562:34.1294 9307:27.9980 27865:24.1729 73360:24.1455 39011:24.0800
18	22	185	185	0.6911	0.0000	0.2343
19	23	2	2	3.1144	0.0000	2.6499
20	24	18587	18587	10.1616	0.0000	10.0987
21	25	962	962	7.5363	0.0000	6.6277
22	26	49911	49911	5.2724	0.0000	4.6921
23	27	185	185	7.7368	0.0000	7.0424
  top5 step 23: 185:28.7561 100001:21.0193 207:20.8973 570:16.9482 13:16.8143
24	28	185	185	0.5269	0.0000	0.5061
  top5 step 24: 185:22.1320 2:21.6051 12207:18.4794 100001:13.3018 207:13.2814
25	29	2	2	1.9686	0.0000	2.1313
  top5 step 25: 2:22.1939 12207:20.2253 185:16.7769 10945:16.2218 1679:14.7975
26	30	11353	11353	1.7838	0.0000	1.8819
  top5 step 26: 11353:18.8835 6673:17.0998 4294:15.4474 18587:15.3632 30871:14.8339
27	31	254	254	3.3881	0.0000	3.0752
  top5 step 27: 254:28.1022 285:24.7141 1069:24.5391 4183:24.4517 1462:23.5209
28	32	4183	4183	3.3958	0.0000	2.6714
29	33	185	185	5.6324	0.0000	5.3754
30	34	12207	12207	0.9079	0.0000	0.9029
  top5 step 30: 12207:24.6714 2:23.7635 185:20.4663 38:15.7870 1679:15.7207
