exact_ref prompt=22 tokens=9 kv=f64 threads=64 expert_scale=1
step	pos	theirs	exact_top1	exact_margin	theirs_gap	ref_margin
0	8	4047	4047	1.8887	0.0000	2.2044
1	9	11	11	1.1219	0.0000	1.1627
2	10	4484	4484	1.7753	0.0000	1.8466
  top5 step 2: 4484:26.0451 185:24.2698 22058:22.4867 285:22.1057 946:21.5690
3	11	11	11	3.0504	0.0000	3.1612
4	12	7960	7960	4.6859	0.0000	4.8595
5	13	11	11	3.2226	0.0000	3.2013
6	14	6524	6524	5.3470	0.0000	5.2864
  top5 step 6: 6524:26.4961 285:21.1491 11326:20.4824 185:20.3975 26566:20.0141
7	15	11	11	2.4351	0.0000	2.1055
8	16	11326	11326	4.2857	0.0000	3.4837
9	17	11	11	1.9876	0.0000	2.0719
10	18	2146	2146	3.7311	0.0000	3.8676
  top5 step 10: 2146:27.5738 285:23.8427 89589:22.8537 5858:22.4738 185:22.4366
11	19	11	11	0.4979	0.0000	0.5334
12	20	26566	26566	2.6235	0.0000	2.7310
13	21	11	11	2.6114	0.0000	2.7820
14	22	15367	15367	4.0770	0.0000	4.3931
15	23	11	11	1.1548	0.0000	0.9688
16	24	40114	40114	2.5131	0.0000	2.4886
17	25	11	11	2.8295	0.0000	3.0763
  top5 step 17: 11:21.3505 2494:18.5210 1204:18.4255 13:18.1234 207:17.1834
18	26	35614	35614	2.5513	0.0000	2.7471
19	27	11	11	3.6280	0.0000	3.8284
20	28	20378	20378	2.3473	0.0000	2.6510
21	29	11	11	2.7016	0.0000	2.8015
22	30	34550	34550	3.6794	0.0000	3.6746
23	31	11	11	3.8467	0.0000	3.8198
  top5 step 23: 11:23.3680 2494:19.5213 1204:19.4205 13:19.1491 285:18.4241
24	32	49028	49028	2.4753	0.0000	2.5910
  top5 step 24: 49028:24.5990 285:22.1236 8522:19.7635 185:19.4967 2494:19.3570
25	33	11	11	4.4931	0.0000	4.3839
  top5 step 25: 11:23.1851 13:18.6919 1204:18.6607 2494:18.5994 285:18.3404
26	34	33852	33852	3.3962	0.0000	3.3636
  top5 step 26: 33852:24.5332 6524:21.1370 285:20.6117 8522:20.0772 427:19.4486
27	35	11	11	4.0249	0.0000	3.8937
  top5 step 27: 11:24.5690 2494:20.5441 285:20.4930 1204:20.3138 13:19.9319
28	36	62587	62587	4.3293	0.0000	4.4257
29	37	11	11	3.2243	0.0000	3.2448
30	38	8522	8522	4.3775	0.0000	4.4832
  top5 step 30: 8522:24.7373 285:20.3597 185:18.8562 47867:18.3783 57262:17.9716
