exact_ref prompt=23 tokens=6 kv=f64 threads=64 expert_scale=1
step	pos	theirs	exact_top1	exact_margin	theirs_gap	ref_margin
0	5	254	254	2.5733	0.0000	2.5379
1	6	13727	770	0.1553	0.1553	0.1092
2	7	770	770	1.3547	0.0000	1.5590
  top5 step 2: 770:31.0894 89128:29.7347 56:20.7447 11:20.1250 90547:20.0232
3	8	255	255	6.8834	0.0000	7.0058
4	9	334	334	0.3392	0.0000	0.3115
5	10	124	124	0.3933	0.0000	0.3198
6	11	98	98	8.1634	0.0000	7.7087
  top5 step 6: 98:44.6739 97:36.5105 241:30.9012 101:29.3039 221:27.4348
7	12	633	633	0.1763	0.0000	0.1151
8	13	429	429	0.8885	0.0000	0.9377
9	14	13727	13727	0.1719	0.0000	0.1143
10	15	770	770	1.4536	0.0000	1.4398
  top5 step 10: 770:30.6297 89128:29.1761 19305:27.8250 10948:27.1859 35146:26.9195
11	16	255	255	9.6115	0.0000	9.5016
12	17	317	317	2.6341	0.0000	2.5265
13	18	254	254	2.0362	0.0000	1.8991
14	19	4443	4443	0.8384	0.0000	0.4661
15	20	1094	1094	2.7046	0.0000	2.2892
16	21	38220	38220	6.1923	0.0000	6.5676
17	22	19305	19305	11.6593	0.0000	11.8396
  top5 step 17: 19305:35.2213 28629:23.5620 21997:21.7960 99748:21.4962 280:20.3568
18	23	279	279	3.1797	0.0000	1.8406
19	24	254	254	1.2184	0.0000	2.0059
20	25	1843	1843	0.7357	0.0000	0.1121
21	26	1166	1166	1.6697	0.0000	1.6325
22	27	254	254	6.5501	0.0000	6.5599
23	28	2616	2616	2.3451	0.0000	2.1932
  top5 step 23: 2616:39.4193 4794:37.0742 577:35.9589 26101:34.8736 4121:33.9070
24	29	50259	50259	2.0015	0.0000	1.7951
  top5 step 24: 50259:35.3663 18427:33.3648 285:29.0514 93790:27.2784 11182:26.5952
25	30	285	285	5.0220	0.0000	4.4991
  top5 step 25: 285:37.5388 334:32.5169 11:31.2920 576:28.7126 7:27.8509
26	31	254	254	0.7117	0.0000	0.3385
  top5 step 26: 254:40.1025 28071:39.3907 429:33.3214 41358:31.2068 8713:29.4674
27	32	28071	28071	8.3877	0.0000	8.5506
  top5 step 27: 28071:45.6782 41358:37.2906 99798:34.9940 8713:33.9194 207:32.0808
28	33	13	13	1.7919	0.0000	1.6109
29	34	429	429	0.2262	0.0000	0.1259
30	35	13727	13727	0.2734	0.0000	0.3174
  top5 step 30: 13727:30.0722 770:29.7988 19305:29.2440 89128:28.6031 7194:27.8774
