exact_ref prompt=24 tokens=7 kv=f64 threads=64 expert_scale=1
step	pos	theirs	exact_top1	exact_margin	theirs_gap	ref_margin
0	6	245	245	0.1085	0.0000	0.0330
1	7	6265	6265	0.1652	0.0000	0.1244
2	8	280	280	9.1274	0.0000	9.2116
  top5 step 2: 280:33.9172 1204:24.7899 1191:24.6425 185:24.3742 285:23.8894
3	9	1191	1191	1.3988	0.0000	1.3178
4	10	6881	6881	0.2623	0.0000	0.1840
5	11	11	11	0.7618	0.0000	0.7994
6	12	2847	2847	0.1081	0.0000	0.0712
  top5 step 6: 2847:32.4244 285:32.3164 548:31.6378 588:31.2823 366:30.6469
7	13	3613	3613	0.5514	0.0000	0.4093
8	14	4863	4863	3.1316	0.0000	3.1082
9	15	11	11	1.1825	0.0000	1.1272
10	16	4921	4921	0.3945	0.0000	0.3828
  top5 step 10: 4921:30.3718 3029:29.9773 276:29.9466 285:29.6500 588:29.5430
11	17	9159	9159	1.0834	0.0000	0.9671
12	18	11	11	3.0105	0.0000	2.9168
13	19	285	285	2.2582	0.0000	2.2550
14	20	3029	3029	0.5314	0.0000	0.4436
15	21	9247	9247	0.9582	0.0000	1.0120
16	22	13	13	0.9546	0.0000	0.9149
17	23	3410	3410	0.5629	0.0000	0.5012
  top5 step 17: 3410:27.5047 185:26.9418 429:26.8147 1955:26.5710 1002:26.4929
18	24	4096	4096	0.4265	0.0000	0.2072
19	25	418	418	0.1871	0.0000	0.1856
20	26	5405	5405	0.2829	0.0000	0.2178
21	27	276	276	6.5670	0.0000	6.5768
22	28	13341	13341	0.0687	0.0000	0.1147
23	29	11817	11817	3.7903	0.0000	3.7461
  top5 step 23: 11817:32.4909 285:28.7006 4301:27.1935 17223:27.0193 2569:26.8296
24	30	285	285	0.8155	0.0000	0.7144
  top5 step 24: 285:35.4422 11:34.6267 279:34.2710 410:32.1037 2383:30.2771
25	31	1099	1099	1.6092	0.0000	1.6354
  top5 step 25: 1099:31.6517 17223:30.0425 6326:28.3175 11781:28.2923 26543:27.6600
26	32	17801	17801	1.8664	0.0000	1.8977
  top5 step 26: 17801:33.8741 11179:32.0077 84973:31.2723 10356:30.4898 13218:29.2516
27	33	2853	2853	3.0772	0.0000	2.9833
  top5 step 27: 2853:34.9924 11:31.9152 786:31.7896 457:31.2375 410:31.1843
28	34	331	331	7.4560	0.0000	7.2808
29	35	254	254	1.3479	0.0000	1.3247
30	36	1191	1191	2.2871	0.0000	2.2815
  top5 step 30: 1191:34.3749 1757:32.0878 2782:32.0626 2324:31.9695 4188:31.5900
