exact_ref prompt=25 tokens=8 kv=f64 threads=64 expert_scale=1
step	pos	theirs	exact_top1	exact_margin	theirs_gap	ref_margin
0	7	254	254	0.5661	0.0000	0.5964
1	8	4247	4247	0.1745	0.0000	0.1601
2	9	362	362	0.9754	0.0000	1.0067
  top5 step 2: 362:28.5684 13595:27.5930 9368:27.3672 8898:26.7853 779:26.6111
3	10	7130	7130	0.0510	0.0000	0.0180
4	11	13	13	0.1617	0.0000	0.1355
5	12	2130	2130	0.1578	0.0000	0.0717
6	13	438	438	1.9350	0.0000	1.8295
  top5 step 6: 438:31.9852 4133:30.0502 2762:30.0018 661:29.7843 2659:29.1346
7	14	13595	13595	0.5266	0.0000	0.4706
8	15	331	331	0.8358	0.0000	0.8586
9	16	254	254	2.1659	0.0000	2.2722
10	17	3853	3853	0.8816	0.0000	1.0243
  top5 step 10: 3853:30.6548 6597:29.7732 24270:28.3662 3419:27.6571 10490:26.7875
11	18	11	11	2.5879	0.0000	2.5999
12	19	711	711	0.6177	0.0000	0.4383
13	20	3123	3123	0.1657	0.0000	0.1661
14	21	68714	68714	0.0557	0.0000	0.0797
15	22	285	285	0.8356	0.0000	0.8160
16	23	6586	6586	0.9349	0.0000	0.9118
17	24	13	13	0.5008	0.0000	0.5464
  top5 step 17: 13:35.2511 11:34.7503 473:34.3851 372:31.6489 3266:31.5240
18	25	1063	1063	0.5535	0.0000	0.4726
19	26	20521	20521	0.1457	0.0000	0.0629
20	27	711	711	3.4876	0.0000	3.3392
21	28	285	285	0.0155	0.0000	0.0164
22	29	3061	4586	0.0529	0.0529	0.0474
23	30	711	711	3.7440	0.0000	3.6820
  top5 step 23: 711:38.3892 2785:34.6452 245:34.5073 842:33.3557 634:33.3482
24	31	1297	1297	0.7364	0.0000	0.8462
  top5 step 24: 1297:31.0674 68714:30.3310 45908:28.7356 4054:28.4069 279:26.9209
25	32	279	279	0.5244	0.0000	0.7145
  top5 step 25: 279:34.0935 13:33.5691 11:33.2821 881:32.6710 18317:31.4436
26	33	586	586	5.3333	0.0000	5.4200
  top5 step 26: 586:35.9394 245:30.6061 1572:29.6076 185:28.1391 27435:27.9298
27	34	13	13	0.8232	0.0000	0.7861
  top5 step 27: 13:32.7721 11:31.9489 1377:30.0749 26:29.2989 372:28.9504
28	35	185	185	0.6640	0.0000	0.6852
29	36	790	790	0.1547	0.0000	0.1059
30	37	40	40	0.7970	0.0000	0.6677
  top5 step 30: 40:22.1817 2819:21.3847 2054:20.8470 1385:20.7424 3673:20.3109
