exact_ref prompt=26 tokens=7 kv=f16 threads=64 expert_scale=1
step	pos	theirs	exact_top1	exact_margin	theirs_gap	ref_margin
0	6	2685	2685	1.3634	0.0000	1.4132
1	7	11	1373	0.1081	0.1081	0.1686
2	8	1373	1373	0.5551	0.0000	0.5027
3	9	2685	2685	2.8436	0.0000	2.8106
4	10	2602	2602	4.2404	0.0000	4.0024
5	11	2685	2685	4.0602	0.0000	3.3683
6	12	21479	21479	0.2489	0.0000	1.0935
7	13	34550	34550	5.0041	0.0000	5.3534
8	14	13	13	1.9784	0.0000	2.1343
9	15	185	185	0.4805	0.0000	0.5354
10	16	185	185	0.4973	0.0000	0.4886
  top5 step 10: 185:15.4522 549:14.9550 7182:14.7408 15957:14.6148 1567:13.6721
11	17	549	549	1.3702	0.0000	1.2983
12	18	7742	7742	3.1765	0.0000	3.0836
13	19	4343	4343	3.1755	0.0000	3.3493
14	20	280	280	4.9277	0.0000	4.6377
15	21	34550	34550	0.8029	0.0000	0.9132
16	22	317	317	3.3606	0.0000	3.0753
17	23	2685	2685	1.3049	0.0000	0.7686
  top5 step 17: 2685:30.5232 839:29.2183 207:28.4144 4573:28.3786 245:28.0323
18	24	11	11	0.7006	0.0000	1.1416
19	25	1373	1373	4.0252	0.0000	3.7032
20	26	2685	2685	4.7906	0.0000	5.1568
21	27	2602	2602	2.8329	0.0000	2.8445
22	28	2685	2685	7.6991	0.0000	7.2104
23	29	21479	21479	5.1044	0.0000	5.0003
  top5 step 23: 21479:32.5597 317:27.4554 11:26.3991 334:26.0284 3190:25.4476
24	30	34550	34550	8.3617	0.0000	8.4098
25	31	13	13	6.8152	0.0000	6.8227
26	32	185	185	2.0244	0.0000	1.7406
27	33	185	185	2.4577	0.0000	2.5100
  top5 step 27: 185:19.7351 429:17.2774 549:17.2218 16:17.1593 16510:14.9165
