exact_ref prompt=26 tokens=7 kv=f64 threads=64 expert_scale=1
step	pos	theirs	exact_top1	exact_margin	theirs_gap	ref_margin
0	6	2685	2685	1.3642	0.0000	1.4132
1	7	11	1373	0.1073	0.1073	0.1686
2	8	1373	1373	0.5552	0.0000	0.5027
  top5 step 2: 1373:29.8413 285:29.2860 548:28.9061 558:28.6322 254:28.5734
3	9	2685	2685	2.8421	0.0000	2.8106
4	10	2602	2602	4.2380	0.0000	4.0024
5	11	2685	2685	4.0592	0.0000	3.3683
6	12	21479	21479	0.2499	0.0000	1.0935
  top5 step 6: 21479:27.6747 317:27.4248 3190:26.7097 418:24.2456 1099:22.9793
7	13	34550	34550	5.0016	0.0000	5.3534
8	14	13	13	1.9766	0.0000	2.1343
9	15	185	185	0.4788	0.0000	0.5354
10	16	185	185	0.4985	0.0000	0.4886
  top5 step 10: 185:15.4545 549:14.9559 7182:14.7421 15957:14.6142 1567:13.6718
11	17	549	549	1.3697	0.0000	1.2983
12	18	7742	7742	3.1779	0.0000	3.0836
13	19	4343	4343	3.1770	0.0000	3.3493
14	20	280	280	4.9276	0.0000	4.6377
15	21	34550	34550	0.8041	0.0000	0.9132
16	22	317	317	3.3611	0.0000	3.0753
17	23	2685	2685	1.3020	0.0000	0.7686
  top5 step 17: 2685:30.5211 839:29.2192 207:28.4171 4573:28.3779 245:28.0326
18	24	11	11	0.7042	0.0000	1.1416
19	25	1373	1373	4.0239	0.0000	3.7032
20	26	2685	2685	4.7894	0.0000	5.1568
21	27	2602	2602	2.8318	0.0000	2.8445
22	28	2685	2685	7.6957	0.0000	7.2104
23	29	21479	21479	5.1023	0.0000	5.0003
  top5 step 23: 21479:32.5550 317:27.4527 11:26.3968 334:26.0273 3190:25.4463
24	30	34550	34550	8.3585	0.0000	8.4098
  top5 step 24: 34550:34.7801 207:26.4216 2685:25.9093 15367:24.9211 35614:24.6003
25	31	13	13	6.8131	0.0000	6.8227
  top5 step 25: 13:30.8065 185:23.9934 11:23.9344 100001:23.8142 526:23.0449
26	32	185	185	2.0253	0.0000	1.7406
  top5 step 26: 185:25.1233 100001:23.0980 429:23.0903 11727:22.4146 338:22.3205
27	33	185	185	2.4527	0.0000	2.5100
  top5 step 27: 185:19.7150 429:17.2624 549:17.2053 16:17.1555 16510:14.9093
28	34	549	549	0.8533	0.0000	0.6208
29	35	7742	7742	4.4264	0.0000	4.3108
30	36	4343	4343	5.7965	0.0000	5.7359
  top5 step 30: 4343:31.1351 15822:25.3386 280:25.0843 1604:22.5526 317:22.4532
