exact_ref prompt=27 tokens=8 kv=f64 threads=64 expert_scale=1
step	pos	theirs	exact_top1	exact_margin	theirs_gap	ref_margin
0	7	254	254	0.3452	0.0000	0.2100
1	8	4182	4182	0.3703	0.0000	0.0176
2	9	7503	7503	0.3174	0.0000	0.1754
  top5 step 2: 7503:29.2084 11102:28.8910 339:26.4985 304:25.8011 2782:25.3115
3	10	11102	11102	1.4286	0.0000	1.6869
4	11	1761	1761	2.6063	0.0000	2.7927
5	12	6282	6282	1.4073	0.0000	1.0941
6	13	1116	1116	12.5151	0.0000	11.1691
  top5 step 6: 1116:41.5499 1141:29.0348 2885:27.9385 72:22.9327 18979:22.5044
7	14	13	13	8.9887	0.0000	8.9899
8	15	71	71	6.1184	0.0000	6.0200
9	16	13	13	1.3864	0.0000	1.4049
10	17	809	809	0.3028	0.0000	0.2580
  top5 step 10: 809:29.3693 429:29.0665 185:28.8124 1002:27.9769 2158:27.5386
11	18	317	317	2.2916	0.0000	2.2926
12	19	245	245	1.7517	0.0000	1.7353
13	20	7503	7503	0.9428	0.0000	0.5738
14	21	1157	1157	4.8606	0.0000	4.3998
15	22	344	344	0.9936	0.0000	0.7746
16	23	317	317	0.8376	0.0000	0.6497
17	24	1222	1222	2.1748	0.0000	2.0748
  top5 step 17: 1222:35.0399 4286:32.8651 697:32.5291 2324:30.8668 245:30.6820
18	25	276	276	2.0331	0.0000	1.9287
19	26	3640	3640	0.1462	0.0000	0.1282
20	27	254	254	0.2841	0.0000	0.2336
21	28	2827	2827	2.0981	0.0000	1.8439
22	29	276	276	0.2459	0.0000	0.1307
23	30	254	254	4.0463	0.0000	3.9072
  top5 step 23: 254:38.2631 4182:34.2168 54376:33.7415 520:32.6390 8470:31.1986
24	31	4182	4182	3.2075	0.0000	3.1622
  top5 step 24: 4182:36.9796 4147:33.7720 8470:33.3183 6800:31.6171 2677:31.1484
25	32	2827	2827	8.2645	0.0000	7.5786
  top5 step 25: 2827:37.3863 3710:29.1218 14804:26.9619 2189:26.9113 8157:25.9881
26	33	3710	3710	3.3523	0.0000	3.3852
  top5 step 26: 3710:35.5955 5545:32.2432 334:31.5595 7:30.7770 13:30.7505
27	34	11	11	0.1286	0.0000	0.2097
  top5 step 27: 11:32.1336 460:32.0051 588:31.3951 334:31.1710 13:31.0609
28	35	4308	4308	0.0194	0.0000	0.1982
29	36	254	254	2.9744	0.0000	2.8507
30	37	6800	6800	1.4191	0.0000	1.0893
  top5 step 30: 6800:35.5856 7113:34.1665 8470:33.1914 4147:33.0395 4541:32.5859
