exact_ref prompt=28 tokens=9 kv=f64 threads=64 expert_scale=1
step	pos	theirs	exact_top1	exact_margin	theirs_gap	ref_margin
0	8	2240	2240	0.3842	0.0000	0.5036
1	9	82586	82586	0.5630	0.0000	0.4829
2	10	636	636	1.7088	0.0000	1.9556
  top5 step 2: 636:30.6971 473:28.9883 2302:27.9475 285:26.5696 430:26.4761
3	11	280	280	0.4050	0.0000	0.3658
4	12	7812	7812	1.4294	0.0000	1.5610
5	13	11	11	0.4036	0.0000	0.4433
6	14	548	548	2.1020	0.0000	2.0341
  top5 step 6: 548:32.1391 285:30.0371 441:29.5542 558:28.5801 3111:28.5219
7	15	359	359	0.6566	0.0000	0.7017
8	16	839	839	0.4021	0.0000	0.3209
9	17	5982	5982	0.7387	0.0000	0.5468
10	18	10112	10112	0.3623	0.0000	0.5273
  top5 step 10: 10112:30.2413 254:29.8790 895:28.9164 245:28.6904 1313:28.5669
11	19	1245	1245	0.8097	0.0000	0.6818
12	20	279	279	1.5150	0.0000	1.3694
13	21	13	13	1.9302	0.0000	2.0051
14	22	429	429	0.1126	0.0000	0.0624
15	23	6982	6982	0.0825	0.0000	0.1436
16	24	11476	11476	7.2144	0.0000	7.5378
17	25	280	280	0.7487	0.0000	0.5825
  top5 step 17: 280:29.4850 317:28.7364 438:28.3715 45717:27.9048 643:27.1142
18	26	7812	7812	7.1009	0.0000	7.0980
19	27	317	317	1.1004	0.0000	1.0806
20	28	245	245	0.1775	0.0000	0.1339
21	29	4077	4077	2.9567	0.0000	3.0561
22	30	280	280	8.2496	0.0000	8.3052
23	31	92063	92063	3.0670	0.0000	3.2742
  top5 step 23: 92063:30.2402 25460:27.1731 5878:24.9319 13736:23.0665 8665:23.0138
24	32	1401	1401	0.6137	0.0000	0.2324
  top5 step 24: 1401:27.2182 344:26.6045 4930:26.2753 430:24.0389 13475:23.6032
25	33	276	276	0.1675	0.0000	1.6621
  top5 step 25: 276:26.0413 280:25.8738 2494:23.8869 473:22.6354 1204:21.2625
26	34	4088	4088	2.4974	0.0000	2.8894
  top5 step 26: 4088:26.3494 5120:23.8520 22628:23.2722 3070:22.0278 85999:21.6583
27	35	254	254	6.4317	0.0000	5.2429
  top5 step 27: 254:32.1647 7812:25.7330 2494:24.8047 1204:23.3537 285:23.0943
28	36	10112	10112	1.6260	0.0000	1.7963
29	37	22490	22490	4.4060	0.0000	3.8097
30	38	473	473	1.3175	0.0000	0.7089
  top5 step 30: 473:29.3677 13:28.0502 11:26.8811 1204:26.0117 2494:25.1345
