exact_ref prompt=29 tokens=5 kv=f16 threads=64 expert_scale=1
step	pos	theirs	exact_top1	exact_margin	theirs_gap	ref_margin
0	4	207	207	0.9624	0.0000	0.9439
1	5	23	23	1.0724	0.0000	0.2627
2	6	9811	9811	2.0009	0.0000	2.2020
3	7	13	13	1.5854	0.0000	1.4660
4	8	185	185	0.8593	0.0000	0.8641
5	9	185	185	1.5114	0.0000	1.5395
6	10	32	32	0.1940	0.0000	0.2329
7	11	12457	2683	0.0254	0.0254	0.1579
8	12	317	317	0.1262	0.0000	0.4924
9	13	245	245	1.4159	0.0000	1.2414
10	14	5606	5606	1.6561	0.0000	1.8917
  top5 step 10: 5606:29.0117 6905:27.3556 6754:26.6703 2592:26.4842 10038:25.8472
11	15	280	280	10.5315	0.0000	10.3144
12	16	6583	6583	7.6828	0.0000	7.4653
13	17	1757	1757	6.1426	0.0000	7.7790
14	18	344	344	3.0299	0.0000	3.8451
15	19	1094	1094	3.8623	0.0000	5.3126
16	20	12439	12439	1.8497	0.0000	3.1195
17	21	10663	10663	6.9079	0.0000	7.5020
  top5 step 17: 10663:31.9917 13434:25.0838 2456:23.4292 317:22.8229 5312:22.3532
18	22	280	280	9.7939	0.0000	10.2088
19	23	207	207	1.7972	0.0000	1.8287
20	24	23	23	10.7952	0.0000	11.4272
21	25	9811	9811	3.4762	0.0000	3.4160
22	26	13	13	6.4290	0.0000	5.7086
23	27	3159	3159	1.1070	0.0000	0.4842
  top5 step 23: 3159:29.2393 185:28.1324 685:26.8635 57604:26.3069 338:26.1425
24	28	11	11	7.0098	0.0000	7.0175
25	29	745	745	2.7559	0.0000	1.4931
26	30	418	418	5.5620	0.0000	5.9386
27	31	16464	3073	1.3754	1.3754	0.5190
  top5 step 27: 3073:27.0430 16464:25.6676 3769:25.5605 750:25.1443 6611:24.9044
