exact_ref prompt=29 tokens=5 kv=f64 threads=64 expert_scale=1
step	pos	theirs	exact_top1	exact_margin	theirs_gap	ref_margin
0	4	207	207	0.9622	0.0000	0.9439
1	5	23	23	1.0706	0.0000	0.2627
2	6	9811	9811	1.9992	0.0000	2.2020
  top5 step 2: 9811:27.5825 10038:25.5833 3451:23.0647 12:22.7238 2683:22.0200
3	7	13	13	1.5855	0.0000	1.4660
4	8	185	185	0.8597	0.0000	0.8641
5	9	185	185	1.5116	0.0000	1.5395
6	10	32	32	0.1952	0.0000	0.2329
  top5 step 6: 32:14.8000 1679:14.6048 549:14.3686 774:13.4043 13483:13.0336
7	11	12457	2683	0.0264	0.0264	0.1579
8	12	317	317	0.1257	0.0000	0.4924
9	13	245	245	1.4159	0.0000	1.2414
10	14	5606	5606	1.6571	0.0000	1.8917
  top5 step 10: 5606:29.0114 6905:27.3543 6754:26.6685 2592:26.4830 10038:25.8449
11	15	280	280	10.5343	0.0000	10.3144
12	16	6583	6583	7.6840	0.0000	7.4653
13	17	1757	1757	6.1479	0.0000	7.7790
14	18	344	344	3.0275	0.0000	3.8451
15	19	1094	1094	3.8654	0.0000	5.3126
16	20	12439	12439	1.8502	0.0000	3.1195
17	21	10663	10663	6.8983	0.0000	7.5020
  top5 step 17: 10663:31.9837 13434:25.0854 2456:23.4225 317:22.8274 5312:22.3494
18	22	280	280	9.7918	0.0000	10.2088
19	23	207	207	1.7984	0.0000	1.8287
20	24	23	23	10.7949	0.0000	11.4272
21	25	9811	9811	3.4728	0.0000	3.4160
22	26	13	13	6.4214	0.0000	5.7086
23	27	3159	3159	1.1129	0.0000	0.4842
  top5 step 23: 3159:29.2489 185:28.1360 685:26.8707 57604:26.3061 338:26.1475
24	28	11	11	7.0083	0.0000	7.0175
  top5 step 24: 11:29.8458 359:22.8375 745:20.4653 1069:19.2678 285:19.2599
25	29	745	745	2.7770	0.0000	1.4931
  top5 step 25: 745:31.1022 42948:28.3252 254:28.0896 1962:27.2281 359:26.8957
26	30	418	418	5.5620	0.0000	5.9386
  top5 step 26: 418:34.1641 317:28.6021 2639:27.4740 463:26.3838 839:26.2051
27	31	16464	3073	1.3825	1.3825	0.5190
  top5 step 27: 3073:27.0432 16464:25.6608 3769:25.5584 750:25.1381 6611:24.9057
28	32	17442	17442	1.3095	0.0000	1.1034
29	33	1066	1066	1.7817	0.0000	1.7268
30	34	245	245	1.8406	0.0000	1.9318
  top5 step 30: 245:31.0732 359:29.2326 5579:29.1052 254:28.9202 3039:27.8690
