exact_ref prompt=3 tokens=2 kv=f64 threads=64 expert_scale=1
step	pos	theirs	exact_top1	exact_margin	theirs_gap	ref_margin
0	1	11	11	0.4570	0.0000	0.5298
1	2	601	601	0.0048	0.0000	0.0595
2	3	1210	1210	1.0563	0.0000	1.0291
  top5 step 2: 1210:27.8410 3997:26.7847 7415:26.7372 51977:26.3765 10359:25.7402
3	4	317	317	5.3584	0.0000	5.4223
4	5	8688	8688	0.2906	0.0000	0.1224
5	6	285	285	0.0917	0.0000	0.0603
6	7	304	304	3.9582	0.0000	4.0177
  top5 step 6: 304:34.6978 437:30.7395 9335:30.4293 460:30.3655 601:29.9131
7	8	608	608	1.0708	0.0000	1.2355
8	9	245	245	1.4511	0.0000	1.4901
9	10	207	207	1.4206	0.0000	1.5629
10	11	17	17	0.6226	0.0000	0.6812
  top5 step 10: 17:14.5953 16:13.9727 1204:12.3645 20:12.2468 19:12.1347
11	12	15	15	0.3072	0.0000	0.2927
12	13	12	12	0.2276	0.0000	0.2562
13	14	5468	5468	1.5560	0.0000	1.4938
14	15	12	12	2.1020	0.0000	2.1763
15	16	843	843	8.5311	0.0000	8.3530
16	17	6710	6710	0.1232	0.0000	0.2454
17	18	473	473	0.4771	0.0000	0.3080
  top5 step 17: 473:32.6249 430:32.1478 5134:31.2456 16208:31.2146 4731:31.1448
18	19	254	254	1.0391	0.0000	1.0953
19	20	7312	7312	0.4109	0.0000	0.2513
20	21	13	13	1.6163	0.0000	1.5719
21	22	304	304	1.2560	0.0000	1.3039
22	23	608	608	0.0726	0.0000	0.1878
23	24	5134	5134	2.3458	0.0000	2.3532
  top5 step 23: 5134:32.1675 16208:29.8217 245:29.1959 21170:29.1152 2709:28.7563
24	25	16208	16208	1.1764	0.0000	1.1670
  top5 step 24: 16208:32.2770 279:31.1005 331:30.1386 34051:29.4054 2695:29.3085
25	26	327	327	0.8298	0.0000	0.8352
  top5 step 25: 327:27.6630 245:26.8333 430:25.8215 5135:25.7195 42736:25.6711
26	27	245	245	1.6021	0.0000	1.5085
  top5 step 26: 245:36.8344 601:35.2323 274:34.6251 338:30.8186 984:29.9649
27	28	5757	5757	1.9370	0.0000	1.9072
  top5 step 27: 5757:31.0362 28727:29.0992 380:29.0988 35800:28.9011 39544:28.2673
28	29	279	279	5.2255	0.0000	5.2924
29	30	3517	3517	0.6285	0.0000	0.5659
30	31	38683	38683	1.2267	0.0000	1.3488
  top5 step 30: 38683:32.9709 285:31.7442 430:30.4374 10591:30.1383 18155:29.9351
