exact_ref prompt=30 tokens=8 kv=f64 threads=64 expert_scale=1
step	pos	theirs	exact_top1	exact_margin	theirs_gap	ref_margin
0	7	8660	8660	2.6943	0.0000	2.5929
1	8	23768	23768	4.9923	0.0000	4.9652
2	9	13	13	1.2100	0.0000	1.1307
  top5 step 2: 13:28.1556 11:26.9456 334:25.0642 779:24.4437 285:24.1662
3	10	1063	1063	0.4611	0.0000	0.2946
4	11	438	438	1.5773	0.0000	1.5753
5	12	7722	7722	0.3774	0.0000	0.3433
6	13	331	331	0.7531	0.0000	0.6756
  top5 step 6: 331:34.8239 279:34.0708 6511:30.3224 207:28.8051 1983:28.4785
7	14	6511	6511	3.8203	0.0000	3.8140
8	15	207	207	6.8056	0.0000	6.8351
9	16	17	17	4.8098	0.0000	3.1539
10	17	18	21	0.3384	0.3384	0.8868
  top5 step 10: 21:27.2594 18:26.9211 20:20.0056 24:19.5160 23:19.2849
11	18	11	11	5.1396	0.0000	5.1897
12	19	207	207	5.5023	0.0000	5.5413
13	20	16	16	9.1502	0.0000	9.4406
14	21	20	20	9.2557	0.0000	9.4393
15	22	21	21	8.9029	0.0000	9.0527
16	23	19	19	9.5440	0.0000	9.6639
17	24	11	11	2.1912	0.0000	2.1566
  top5 step 17: 11:36.3880 279:34.1968 13:32.4573 285:31.9767 334:29.7764
18	25	279	279	2.7311	0.0000	2.8742
19	26	90262	90262	5.5094	0.0000	5.8263
20	27	12	12	7.5212	0.0000	7.6760
21	28	12758	12758	4.5610	0.0000	4.4517
22	29	12	12	7.8463	0.0000	7.6568
23	30	11983	11983	5.8285	0.0000	5.2356
  top5 step 23: 11983:33.7022 81639:27.8737 529:24.5692 1204:21.8612 1490:21.0699
24	31	249	249	12.5019	0.0000	12.0386
  top5 step 24: 249:31.2822 2420:18.7803 1089:17.5326 1204:16.8144 185:16.4411
25	32	11	11	3.2737	0.0000	3.2148
  top5 step 25: 11:33.8332 13:30.5595 279:28.5332 285:28.3789 334:26.4432
26	33	6435	6435	4.0814	0.0000	4.0861
  top5 step 26: 6435:33.8033 6368:29.7219 245:29.0671 285:28.5607 279:27.6452
27	34	13	13	1.2320	0.0000	1.2082
  top5 step 27: 13:35.3711 11:34.1392 285:31.8109 334:29.1922 26:29.1113
28	35	23768	23768	0.9956	0.0000	1.0701
29	36	317	317	1.4524	0.0000	1.4591
30	37	13587	13587	1.5624	0.0000	1.4543
  top5 step 30: 13587:32.5353 4828:30.9729 2752:30.4037 3185:29.2484 245:29.0438
