exact_ref prompt=30 tokens=8 kv=f16 threads=64 expert_scale=1
step	pos	theirs	exact_top1	exact_margin	theirs_gap	ref_margin
0	7	8660	8660	2.6951	0.0000	2.5929
1	8	23768	23768	4.9916	0.0000	4.9652
2	9	13	13	1.2100	0.0000	1.1307
3	10	1063	1063	0.4611	0.0000	0.2946
4	11	438	438	1.5773	0.0000	1.5753
5	12	7722	7722	0.3772	0.0000	0.3433
6	13	331	331	0.7539	0.0000	0.6756
7	14	6511	6511	3.8212	0.0000	3.8140
8	15	207	207	6.8049	0.0000	6.8351
9	16	17	17	4.8103	0.0000	3.1539
10	17	18	21	0.3412	0.3412	0.8868
  top5 step 10: 21:27.2582 18:26.9170 20:20.0032 24:19.5156 23:19.2837
11	18	11	11	5.1422	0.0000	5.1897
12	19	207	207	5.5027	0.0000	5.5413
13	20	16	16	9.1498	0.0000	9.4406
14	21	20	20	9.2568	0.0000	9.4393
15	22	21	21	8.9026	0.0000	9.0527
16	23	19	19	9.5439	0.0000	9.6639
17	24	11	11	2.1901	0.0000	2.1566
  top5 step 17: 11:36.3900 279:34.1999 13:32.4615 285:31.9787 334:29.7790
18	25	279	279	2.7319	0.0000	2.8742
19	26	90262	90262	5.5121	0.0000	5.8263
20	27	12	12	7.5210	0.0000	7.6760
21	28	12758	12758	4.5596	0.0000	4.4517
22	29	12	12	7.8444	0.0000	7.6568
23	30	11983	11983	5.8288	0.0000	5.2356
  top5 step 23: 11983:33.7044 81639:27.8755 529:24.5682 1204:21.8612 1490:21.0717
24	31	249	249	12.5053	0.0000	12.0386
25	32	11	11	3.2752	0.0000	3.2148
26	33	6435	6435	4.0790	0.0000	4.0861
27	34	13	13	1.2331	0.0000	1.2082
  top5 step 27: 13:35.3711 11:34.1380 285:31.8095 334:29.1918 26:29.1115
