exact_ref prompt=31 tokens=8 kv=f64 threads=64 expert_scale=1
step	pos	theirs	exact_top1	exact_margin	theirs_gap	ref_margin
0	7	330	330	0.8302	0.0000	0.8604
1	8	1079	1079	0.1283	0.0000	0.0282
2	9	4977	4977	0.6355	0.0000	0.6869
  top5 step 2: 4977:26.6944 22062:26.0589 11:25.7503 9436:25.5936 23453:25.5223
3	10	13	13	1.8170	0.0000	1.8135
4	11	185	185	0.3197	0.0000	0.2701
5	12	185	185	1.7447	0.0000	1.4807
6	13	40	1847	0.0268	0.0268	0.0069
  top5 step 6: 1847:10.1736 40:10.1468 1385:9.0173 1567:8.6761 2:8.5702
7	14	463	463	0.1557	0.0000	0.1318
8	15	245	245	0.1983	0.0000	0.2632
9	16	1860	1860	0.1590	0.0000	0.1408
10	17	7254	7254	1.9161	0.0000	1.9573
  top5 step 10: 7254:28.5276 2012:26.6115 3997:25.4727 1448:25.3297 4313:25.1796
11	18	327	327	1.7413	0.0000	1.8598
12	19	437	437	1.4880	0.0000	1.3718
13	20	13	13	0.9857	0.0000	1.0065
14	21	185	185	0.2872	0.0000	0.3336
15	22	185	185	4.2666	0.0000	4.3045
16	23	16	16	1.7147	0.0000	1.5309
17	24	13	13	1.6827	0.0000	1.6664
  top5 step 17: 13:20.0531 8:18.3703 570:13.9701 14:13.7068 3120:13.5622
18	25	304	304	0.7187	0.0000	0.8066
19	26	2126	2126	0.4046	0.0000	0.3544
20	27	254	254	0.8531	0.0000	0.9009
21	28	9748	9748	1.3061	0.0000	1.4796
22	29	13	13	1.9822	0.0000	1.9069
23	30	185	185	0.5566	0.0000	0.6050
  top5 step 23: 185:32.4168 304:31.8601 809:31.7601 2071:30.6642 429:30.2243
24	31	17	17	0.5048	0.0000	0.5829
  top5 step 24: 17:23.0204 185:22.5156 40:19.3574 243:18.5759 1385:18.0780
25	32	13	13	7.9000	0.0000	8.0059
  top5 step 25: 13:25.9272 11:18.0271 1204:17.3358 2494:16.1403 3425:16.0597
26	33	304	304	0.5408	0.0000	0.5449
  top5 step 26: 304:29.4717 809:28.9309 2682:28.4114 429:28.2233 1273:28.1822
27	34	2126	2126	0.4542	0.0000	0.5014
  top5 step 27: 2126:32.8348 463:32.3806 1113:31.2148 933:31.0446 481:30.8128
28	35	254	254	1.2353	0.0000	1.1473
29	36	9748	9748	0.1866	0.0000	0.2305
30	37	1373	1373	0.2672	0.0000	0.1840
  top5 step 30: 1373:28.4817 558:28.2145 13:27.7266 16783:27.4399 11:26.9774
