exact_ref prompt=32 tokens=56 kv=f64 threads=64 expert_scale=1
step	pos	theirs	exact_top1	exact_margin	theirs_gap	ref_margin
0	55	440	440	0.4228	0.0000	0.2121
1	56	30165	30165	0.1672	0.0000	0.1117
2	57	12	12	1.2741	0.0000	1.0009
  top5 step 2: 12:24.4776 2859:23.2035 1:23.0093 883:22.1646 955:21.9935
3	58	29733	29733	4.1878	0.0000	4.2477
4	59	883	883	0.1096	0.0000	0.1343
5	60	185	185	2.0009	0.0000	1.9456
6	61	185	185	2.3544	0.0000	2.6802
  top5 step 6: 185:17.4603 549:15.1059 42975:14.5197 2777:14.1989 429:13.6898
7	62	549	549	0.8275	0.0000	0.8115
8	63	11018	11018	1.8899	0.0000	1.9754
9	64	12	12	4.0843	0.0000	4.0298
10	65	29733	29733	6.2840	0.0000	6.4126
  top5 step 10: 29733:24.6788 1989:18.3949 42692:17.0354 19448:16.1957 87729:15.8922
11	66	6263	6263	2.4201	0.0000	2.6023
12	67	317	317	1.1775	0.0000	1.2612
13	68	245	245	0.4427	0.0000	0.4392
14	69	2131	2976	0.1611	0.1611	0.0464
15	70	12	12	2.1347	0.0000	2.0498
16	71	2834	2834	3.1302	0.0000	3.3236
17	72	5379	5379	1.4491	0.0000	1.7331
  top5 step 17: 5379:27.1944 18908:25.7453 5696:25.1983 4887:25.0742 4743:24.4462
18	73	12357	12357	2.0882	0.0000	2.3565
19	74	344	344	0.3746	0.0000	0.6426
20	75	317	317	0.2180	0.0000	0.0013
21	76	1222	1222	0.3084	0.0000	0.4516
22	77	279	279	0.7617	0.0000	0.8005
23	78	254	254	1.1433	0.0000	1.1311
  top5 step 23: 254:29.1829 18908:28.0396 742:27.7414 53142:27.7326 2317:27.7228
24	79	56123	56123	1.7298	0.0000	1.8198
  top5 step 24: 56123:26.7466 57966:25.0168 96379:25.0003 18908:24.9541 4188:24.7921
25	80	2019	2019	0.2802	0.0000	0.2630
  top5 step 25: 2019:26.7604 11586:26.4802 4096:23.6531 11:22.8214 13:22.7617
26	81	13	13	1.3094	0.0000	1.3236
  top5 step 26: 13:32.8613 11:31.5519 327:31.2781 11586:31.1747 276:30.9952
27	82	809	809	0.0767	0.0000	0.2194
  top5 step 27: 809:31.0360 429:30.9593 1002:29.5156 685:29.3585 185:28.3829
28	83	317	317	1.3892	0.0000	1.6212
29	84	5405	5405	1.4481	0.0000	1.4087
30	85	276	276	4.3452	0.0000	4.9194
  top5 step 30: 276:39.5303 327:35.1852 10173:31.1544 372:30.7344 279:30.6876
