exact_ref prompt=4 tokens=9 kv=f64 threads=64 expert_scale=1
step	pos	theirs	exact_top1	exact_margin	theirs_gap	ref_margin
0	8	39048	39048	1.8633	0.0000	1.8164
1	9	13	13	0.9527	0.0000	1.0185
2	10	809	809	0.8537	0.0000	0.8089
  top5 step 2: 809:30.4856 39048:29.6319 1002:28.8190 9904:28.5411 429:28.4414
3	11	317	317	0.9315	0.0000	1.0043
4	12	245	245	1.2682	0.0000	1.2691
5	13	5817	5817	5.7494	0.0000	5.9131
6	14	16310	16310	7.3514	0.0000	7.2331
  top5 step 6: 16310:31.0797 12:23.7283 48148:22.1643 330:21.6380 45351:21.6098
7	15	11	11	0.3706	0.0000	0.2485
8	16	4569	4569	0.4689	0.0000	0.5442
9	17	359	359	1.0006	0.0000	1.1125
10	18	317	2845	0.1352	0.1352	0.0679
  top5 step 10: 2845:35.0716 317:34.9364 643:34.2664 1217:34.0577 487:33.4059
11	19	1401	1401	0.2701	0.0000	0.2405
12	20	9565	581	0.0907	0.0907	0.0141
13	21	280	280	3.0900	0.0000	2.9810
14	22	5817	5817	1.4443	0.0000	1.1764
15	23	285	285	2.2575	0.0000	1.9377
16	24	2845	2845	0.3101	0.0000	0.3975
17	25	6	487	0.0385	0.0385	0.0073
  top5 step 17: 487:30.1504 6:30.1119 13276:21.8154 98463:20.8843 244:20.8837
18	26	83	83	12.0534	0.0000	12.0504
19	27	463	463	8.3557	0.0000	8.5159
20	28	245	245	7.2461	0.0000	7.4052
21	29	6201	6201	3.1288	0.0000	3.5047
22	30	5438	5438	8.4196	0.0000	8.2308
23	31	13	13	0.6878	0.0000	0.4549
  top5 step 23: 13:35.5943 837:34.9065 11:30.6817 344:27.8953 372:27.8239
24	32	39048	39048	0.6725	0.0000	0.6424
  top5 step 24: 39048:30.9477 809:30.2752 429:29.2300 9904:28.8411 185:28.7996
25	33	317	317	1.8525	0.0000	1.8439
  top5 step 25: 317:35.1101 643:33.2576 438:32.8798 6:32.1805 4497:30.4136
26	34	558	558	0.9417	0.0000	0.7733
  top5 step 26: 558:34.6278 254:33.6860 11985:32.8089 3185:32.6978 7046:32.6288
27	35	2567	2567	1.7250	0.0000	1.6113
  top5 step 27: 2567:36.5611 2317:34.8360 11542:33.5793 6791:32.2591 20020:28.9964
28	36	344	344	3.7817	0.0000	3.6766
29	37	359	359	1.0234	0.0000	1.0928
30	38	1027	1027	2.0657	0.0000	2.5453
  top5 step 30: 1027:39.5995 481:37.5338 744:35.5298 6:35.0097 317:33.9971
