exact_ref prompt=5 tokens=8 kv=f64 threads=64 expert_scale=1
step	pos	theirs	exact_top1	exact_margin	theirs_gap	ref_margin
0	7	185	185	0.1607	0.0000	0.3483
1	8	300	300	0.4456	0.0000	0.6987
2	9	972	972	2.7124	0.0000	2.7061
  top5 step 2: 972:29.3818 8066:26.6693 3640:26.5642 565:25.9355 1501:25.3621
3	10	245	245	4.8513	0.0000	4.8633
4	11	919	919	1.4988	0.0000	1.5257
5	12	270	270	8.6820	0.0000	8.6883
6	13	185	185	2.7913	0.0000	2.9477
  top5 step 6: 185:26.4590 188:23.6677 100001:23.1366 207:22.9214 26:22.3207
7	14	185	185	2.7501	0.0000	2.7183
8	15	185	185	0.0214	0.0000	0.0889
9	16	1558	1558	2.0296	0.0000	2.0643
10	17	53909	53909	1.5609	0.0000	1.6323
  top5 step 10: 53909:27.9180 1097:26.3571 36419:25.4078 1727:25.3732 4896:25.1113
11	18	7	7	7.8764	0.0000	7.7495
12	19	64	64	5.2751	0.0000	5.6453
13	20	11	11	5.8803	0.0000	5.6174
14	21	270	270	5.7683	0.0000	5.4516
15	22	1780	1780	7.9784	0.0000	7.7048
16	23	185	185	3.8929	0.0000	4.2277
17	24	300	300	8.6611	0.0000	8.5760
  top5 step 17: 300:30.2989 3420:21.6378 251:21.2854 243:20.8373 185:20.4757
18	25	972	972	6.3416	0.0000	6.4342
19	26	245	245	7.3173	0.0000	7.3539
20	27	570	570	4.7255	0.0000	4.8057
21	28	270	270	9.1231	0.0000	9.1436
22	29	185	185	4.7890	0.0000	4.6160
23	30	185	185	3.9497	0.0000	3.9322
  top5 step 23: 185:24.3471 100001:20.3974 251:17.7440 243:16.3703 300:16.2270
24	31	185	185	4.0866	0.0000	4.2033
  top5 step 24: 185:25.1085 1558:21.0219 2:19.2577 4134:19.0473 351:18.3503
25	32	1558	1558	4.4977	0.0000	4.5406
  top5 step 25: 1558:24.7376 351:20.2399 2:19.7079 4134:19.5593 2186:18.7900
26	33	36419	36419	3.6974	0.0000	3.8025
  top5 step 26: 36419:31.0461 18598:27.3487 2241:25.3572 30313:25.0550 4606:24.7332
27	34	7	7	8.8324	0.0000	8.7311
  top5 step 27: 7:32.0686 12374:23.2362 62:23.0485 334:21.4847 16:20.7955
28	35	64	64	7.2650	0.0000	7.1545
29	36	11	11	10.2135	0.0000	9.9042
30	37	270	270	6.4006	0.0000	6.1909
  top5 step 30: 270:31.2688 65:24.8683 245:20.5982 207:20.2173 1072:20.1814
