exact_ref prompt=6 tokens=6 kv=f64 threads=64 expert_scale=1
step	pos	theirs	exact_top1	exact_margin	theirs_gap	ref_margin
0	5	6159	6159	1.9100	0.0000	1.7321
1	6	11	11	0.2267	0.0000	0.1584
2	7	285	285	0.1285	0.0000	0.1678
  top5 step 2: 285:31.4281 1329:31.2997 548:30.9184 441:29.9599 558:29.8592
3	8	254	254	2.2325	0.0000	2.2031
4	9	9541	9541	2.9563	0.0000	2.9669
5	10	280	280	6.3772	0.0000	6.3273
6	11	6159	6159	2.1293	0.0000	2.4417
  top5 step 6: 6159:27.1405 2126:25.0112 6989:24.5200 6751:24.3943 245:24.1912
7	12	317	317	4.6835	0.0000	4.6992
8	13	3550	3550	3.3743	0.0000	3.6458
9	14	13	13	1.1936	0.0000	1.1991
10	15	185	185	0.9058	0.0000	0.9867
  top5 step 10: 185:26.4597 429:25.5540 1002:25.0440 2086:24.6328 685:24.3014
11	16	185	185	1.5941	0.0000	1.7110
12	17	549	549	1.3809	0.0000	1.4062
13	18	9541	9541	2.6919	0.0000	2.6467
14	19	280	280	5.9905	0.0000	5.9978
15	20	2156	581	0.2339	0.2339	0.0392
16	21	317	317	6.3554	0.0000	6.3298
17	22	4426	4426	1.8583	0.0000	2.0611
  top5 step 17: 4426:31.4128 16342:29.5545 6751:27.1283 13423:26.9531 17920:25.7281
18	23	11	11	4.2640	0.0000	4.3324
19	24	285	285	5.1972	0.0000	5.1126
20	25	254	254	4.9410	0.0000	5.0390
21	26	9541	9541	7.7156	0.0000	7.5842
22	27	280	280	9.1197	0.0000	8.9753
23	28	4426	4426	6.7038	0.0000	6.4032
  top5 step 23: 4426:34.6013 16342:27.8975 2156:26.4447 437:24.9741 254:24.4399
24	29	317	317	8.7676	0.0000	8.7002
  top5 step 24: 317:33.3106 11:24.5430 4426:24.1038 410:24.0210 334:23.8956
25	30	2156	2156	6.3125	0.0000	6.4612
  top5 step 25: 2156:33.5413 4426:27.2288 3550:25.0387 839:24.4281 441:24.1863
26	31	13	13	7.5650	0.0000	7.4994
  top5 step 26: 13:30.2308 11:22.6658 1204:22.4670 334:22.1151 185:21.9909
27	32	185	185	3.7277	0.0000	3.8811
  top5 step 27: 185:25.5550 100001:21.8273 207:19.6162 429:19.4774 1002:18.6425
28	33	185	185	6.9229	0.0000	6.7710
29	34	549	549	3.0973	0.0000	3.1511
30	35	9541	9541	3.8228	0.0000	3.7226
  top5 step 30: 9541:29.7476 1246:25.9248 1734:24.7661 1604:24.6623 84489:24.1594
