exact_ref prompt=7 tokens=5 kv=f64 threads=64 expert_scale=1
step	pos	theirs	exact_top1	exact_margin	theirs_gap	ref_margin
0	4	11	11	1.4963	0.0000	1.5276
1	5	745	745	0.2654	0.0000	0.3588
2	6	438	438	1.2605	0.0000	1.1657
  top5 step 2: 438:32.6854 8663:31.4249 778:31.3629 22704:28.4216 317:27.6436
3	7	245	245	2.1730	0.0000	2.2168
4	8	5075	5075	0.0154	0.0000	0.0253
5	9	7046	7046	1.3499	0.0000	1.3339
6	10	29093	46707	0.0325	0.0325	0.0288
  top5 step 6: 46707:24.0391 29093:24.0066 413:23.9868 54652:23.8558 28186:23.8277
7	11	13	13	0.9813	0.0000	0.9616
8	12	2130	2130	1.0831	0.0000	0.9986
9	13	438	438	0.3980	0.0000	0.4592
10	14	245	245	1.1957	0.0000	1.1587
  top5 step 10: 245:31.3788 1079:30.1831 207:29.9117 7722:29.9036 254:29.6445
11	15	1079	1079	0.8333	0.0000	0.7381
12	16	24012	24012	0.3092	0.0000	0.2579
13	17	10724	10724	0.9443	0.0000	0.9885
14	18	11	11	0.5845	0.0000	0.5947
15	19	548	548	0.5528	0.0000	0.4757
16	20	838	838	2.4412	0.0000	2.5360
17	21	661	661	0.1228	0.0000	0.1234
  top5 step 17: 661:33.1427 438:33.0200 3320:31.9843 1866:31.9724 8663:31.1248
18	22	1866	1866	0.2439	0.0000	0.4836
19	23	661	3707	0.0415	0.0415	0.0105
20	24	274	274	1.3214	0.0000	1.3662
21	25	2460	2460	0.9216	0.0000	0.9898
22	26	1296	1296	0.2189	0.0000	0.2279
23	27	13	13	1.4830	0.0000	1.4803
  top5 step 23: 13:35.9100 279:34.4270 410:34.3792 280:34.2610 11:33.8510
24	28	2130	3474	0.0353	0.0353	0.0586
  top5 step 24: 3474:31.5820 2130:31.5467 5067:30.7446 185:30.1793 29093:30.0961
25	29	661	661	0.3917	0.0000	0.4208
  top5 step 25: 661:32.8204 438:32.4287 6143:32.2314 4579:31.5241 744:31.2203
26	30	1958	1958	0.9960	0.0000	0.9297
  top5 step 26: 1958:34.0988 803:33.1027 1866:32.7584 245:32.5615 16786:31.6842
27	31	803	803	1.7282	0.0000	1.5659
  top5 step 27: 803:34.2953 16786:32.5671 4579:32.0761 36043:32.0386 10237:31.7449
28	32	1653	1653	1.2339	0.0000	1.1167
29	33	27211	27211	0.7179	0.0000	0.6098
30	34	276	276	1.9948	0.0000	2.0516
  top5 step 30: 276:38.8923 285:36.8975 11:36.1641 13:34.6060 410:33.9747
