exact_ref prompt=8 tokens=9 kv=f64 threads=64 expert_scale=1
step	pos	theirs	exact_top1	exact_margin	theirs_gap	ref_margin
0	8	7742	7742	2.5261	0.0000	2.3769
1	9	33802	33802	5.1409	0.0000	4.7514
2	10	331	331	1.3678	0.0000	1.2444
  top5 step 2: 331:28.7711 11:27.4033 285:27.3832 13:27.1098 9636:26.6709
3	11	2818	2818	3.0476	0.0000	2.5253
4	12	2387	2387	4.6133	0.0000	4.6890
5	13	11	11	0.0555	0.0000	0.1701
6	14	285	285	1.2676	0.0000	1.2956
  top5 step 6: 285:33.7886 366:32.5209 8891:31.6768 588:30.3425 254:29.4841
7	15	254	254	0.4942	0.0000	0.3330
8	16	4899	4899	1.4624	0.0000	1.3404
9	17	418	418	0.1046	0.0000	0.1254
10	18	14801	14801	4.4339	0.0000	4.4498
  top5 step 10: 14801:30.8323 22317:26.3984 13429:26.1038 9184:26.0167 8716:25.9500
11	19	457	457	4.7563	0.0000	4.7269
12	20	45507	45507	3.4993	0.0000	3.7765
13	21	13	13	3.4162	0.0000	3.1648
14	22	1494	1494	0.4168	0.0000	0.4181
15	23	2203	2203	2.0410	0.0000	1.9884
16	24	11	11	0.4398	0.0000	0.4396
17	25	825	825	0.4610	0.0000	0.5961
  top5 step 17: 825:30.0353 245:29.5743 565:29.5198 254:29.3595 185:28.9238
18	26	16	16	2.3245	0.0000	2.2724
19	27	11	11	3.7586	0.0000	3.7367
20	28	207	207	1.7110	0.0000	1.9402
21	29	17	17	1.6875	0.0000	1.9658
22	30	11	11	5.8680	0.0000	6.0240
23	31	207	207	2.0072	0.0000	1.9896
  top5 step 23: 207:36.0886 440:34.0814 655:33.4629 18:28.0897 570:26.9414
24	32	18	18	5.9636	0.0000	5.7855
  top5 step 24: 18:30.8906 20:24.9270 19:23.6724 790:23.5170 17:23.1536
25	33	11	11	0.4278	0.0000	0.5472
  top5 step 25: 11:28.2380 60:27.8102 2986:24.6554 2717:24.1377 13:21.6858
26	34	207	207	2.2868	0.0000	2.4850
  top5 step 26: 207:35.4192 440:33.1323 655:32.3025 3564:27.4539 285:26.4535
27	35	19	19	4.0189	0.0000	4.0983
  top5 step 27: 19:30.2643 20:26.2453 790:24.9422 2901:23.4197 2494:22.2754
28	36	11	11	0.8783	0.0000	0.9510
29	37	207	207	2.8416	0.0000	3.1261
30	38	20	20	8.0807	0.0000	8.0393
  top5 step 30: 20:28.4706 790:20.3899 19:20.3267 2494:20.1063 21:19.1348
