exact_ref prompt=9 tokens=7 kv=f64 threads=64 expert_scale=1
step	pos	theirs	exact_top1	exact_margin	theirs_gap	ref_margin
0	6	207	207	4.9682	0.0000	4.8169
1	7	16	16	1.7281	0.0000	1.2404
2	8	23	23	5.0255	0.0000	5.0650
  top5 step 2: 23:29.0890 13:24.0634 11:23.2013 15:21.3296 22:21.3083
3	9	21	21	8.2746	0.0000	8.1089
4	10	11	11	5.3271	0.0000	5.2541
5	11	17	17	1.1990	0.0000	1.1608
6	12	23	23	4.4494	0.0000	4.6581
  top5 step 6: 23:31.5855 22:27.1361 24:24.3862 15:24.2072 21:23.6558
7	13	17	17	6.2102	0.0000	5.9754
8	14	6593	6593	6.0742	0.0000	5.8886
9	15	513	513	3.2034	0.0000	3.0164
10	16	1864	1864	5.4939	0.0000	5.3237
  top5 step 10: 1864:32.9703 80852:27.4765 5064:24.8940 185:24.1655 4746:23.1130
11	17	13	13	1.2054	0.0000	1.1839
12	18	185	185	1.1619	0.0000	1.1670
13	19	185	185	0.9930	0.0000	1.1213
14	20	1679	1679	2.5641	0.0000	2.2947
15	21	1724	1724	0.6872	0.0000	0.6886
16	22	4311	4311	0.9871	0.0000	0.9395
17	23	317	317	2.2915	0.0000	2.1908
  top5 step 17: 317:34.2252 1217:31.9337 481:31.0244 536:30.2703 418:29.5471
18	24	2156	254	0.0399	0.0399	0.0249
19	25	30	30	0.5678	0.0000	0.4059
20	26	185	185	4.8250	0.0000	4.8351
21	27	185	185	1.4508	0.0000	1.7246
22	28	549	549	0.1813	0.0000	0.3014
23	29	4583	4583	3.8435	0.0000	3.8749
  top5 step 23: 4583:31.7210 2512:27.8775 1639:27.7880 3510:27.1223 8071:26.4509
24	30	280	280	5.6183	0.0000	5.3696
  top5 step 24: 280:33.6052 430:27.9869 317:24.2075 344:24.1307 285:23.5857
25	31	2156	2156	7.2842	0.0000	7.4044
  top5 step 25: 2156:33.7256 3066:26.4414 274:26.1098 254:25.7260 29626:24.5483
26	32	317	317	2.4499	0.0000	1.9117
  top5 step 26: 317:33.7642 11:31.3143 279:30.8346 22014:29.9607 334:29.1800
27	33	10750	10750	0.6629	0.0000	0.4719
  top5 step 27: 10750:33.9860 245:33.3231 254:33.3150 634:32.1279 4828:31.3836
28	34	207	207	6.1147	0.0000	6.2088
29	35	16	16	7.5429	0.0000	7.1173
30	36	23	23	7.4082	0.0000	7.3457
  top5 step 30: 23:35.0314 11:27.6232 13:24.9971 15:23.7506 16:23.3329
